  PID   LWP PSR %CPU %MEM   RSS STAT WCHAN                    COMMAND
    1     1   2 46.6  0.0  1800 Ss   do_wait                  agent-leak-app-
   13    13   1 33.3  0.2 16952 SN   do_select                agent-leak-app-
   39    39   6  0.0  0.0  3440 Rs   -                        ps
  PID   LWP PSR %CPU %MEM   RSS STAT WCHAN                    COMMAND
    1     1   2  9.3  0.0  1800 Ss   do_wait                  agent-leak-app-
   13    13   1  3.0  0.2 16952 SN   do_select                agent-leak-app-
   76    76   5 25.0  0.0  3428 Rs   -                        ps
  PID   LWP PSR %CPU %MEM   RSS STAT WCHAN                    COMMAND
    1     1   2  5.1  0.0  1800 Ss   do_wait                  agent-leak-app-
   13    13   2  1.5  0.5 42556 SN   do_select                agent-leak-app-
  113   113   1  0.0  0.0  3444 Rs   -                        ps
  PID   LWP PSR %CPU %MEM   RSS STAT WCHAN                    COMMAND
    1     1   2  3.5  0.0  1800 Ss   do_wait                  agent-leak-app-
   13    13   2  1.0  0.5 42556 SN   do_select                agent-leak-app-
  150   150   3  0.0  0.0  3440 Rs   -                        ps
  PID   LWP PSR %CPU %MEM   RSS STAT WCHAN                    COMMAND
    1     1   2  2.7  0.0  1800 Ss   do_wait                  agent-leak-app-
   13    13   2  0.8  0.5 42556 SN   do_select                agent-leak-app-
  187   187   4 25.0  0.0  3444 Rs   -                        ps
