[2026-09-25 16:30:37] PROCESS:agent-leak-app-arm64 PID:7 CPU:88.8% RSS:16.2MiB STATE:R THREADS:1 PORT:NOT_LISTENING DISK_USED:1%
[WARNING] Process CPU threshold exceeded (88.8% > 20%)
[WARNING] Process RSS threshold exceeded (16.2MiB > 10MiB)
[WARNING] Port 15034 is not listening
[2026-09-25 16:30:39] PROCESS:agent-leak-app-arm64 PID:7 CPU:5.9% RSS:16.6MiB STATE:SN THREADS:1 PORT:LISTENING DISK_USED:1%
[WARNING] Process RSS threshold exceeded (16.6MiB > 10MiB)
[2026-09-25 16:30:40] PROCESS:agent-leak-app-arm64 PID:7 CPU:3.5% RSS:16.6MiB STATE:SN THREADS:1 PORT:LISTENING DISK_USED:1%
[WARNING] Process RSS threshold exceeded (16.6MiB > 10MiB)
[2026-09-25 16:30:41] PROCESS:agent-leak-app-arm64 PID:7 CPU:2.4% RSS:16.6MiB STATE:SN THREADS:1 PORT:LISTENING DISK_USED:1%
[WARNING] Process RSS threshold exceeded (16.6MiB > 10MiB)
[2026-09-25 16:30:42] PROCESS:agent-leak-app-arm64 PID:7 CPU:1.8% RSS:16.6MiB STATE:SN THREADS:1 PORT:LISTENING DISK_USED:1%
[WARNING] Process RSS threshold exceeded (16.6MiB > 10MiB)
[2026-09-25 16:30:43] PROCESS:agent-leak-app-arm64 PID:7 CPU:1.6% RSS:16.6MiB STATE:SN THREADS:1 PORT:LISTENING DISK_USED:1%
[WARNING] Process RSS threshold exceeded (16.6MiB > 10MiB)
[2026-09-25 16:30:45] PROCESS:agent-leak-app-arm64 PID:7 CPU:1.3% RSS:16.6MiB STATE:SN THREADS:1 PORT:LISTENING DISK_USED:1%
[WARNING] Process RSS threshold exceeded (16.6MiB > 10MiB)
[2026-09-25 16:30:46] PROCESS:agent-leak-app-arm64 PID:7 CPU:1.2% RSS:16.6MiB STATE:SN THREADS:1 PORT:LISTENING DISK_USED:1%
[WARNING] Process RSS threshold exceeded (16.6MiB > 10MiB)
[2026-09-25 16:30:47] PROCESS:agent-leak-app-arm64 PID:7 CPU:1.2% RSS:16.6MiB STATE:SN THREADS:1 PORT:LISTENING DISK_USED:1%
[WARNING] Process RSS threshold exceeded (16.6MiB > 10MiB)
[2026-09-25 16:30:48] PROCESS:agent-leak-app-arm64 PID:7 CPU:1.1% RSS:16.6MiB STATE:SN THREADS:1 PORT:LISTENING DISK_USED:1%
[WARNING] Process RSS threshold exceeded (16.6MiB > 10MiB)
[2026-09-25 16:30:49] PROCESS:agent-leak-app-arm64 PID:7 CPU:1.1% RSS:16.6MiB STATE:SN THREADS:1 PORT:LISTENING DISK_USED:1%
[WARNING] Process RSS threshold exceeded (16.6MiB > 10MiB)
[2026-09-25 16:30:50] PROCESS:agent-leak-app-arm64 PID:7 CPU:1.0% RSS:16.6MiB STATE:SN THREADS:1 PORT:LISTENING DISK_USED:1%
[WARNING] Process RSS threshold exceeded (16.6MiB > 10MiB)
[2026-09-25 16:30:52] PROCESS:agent-leak-app-arm64 PID:7 CPU:0.9% RSS:16.6MiB STATE:SN THREADS:1 PORT:LISTENING DISK_USED:1%
[WARNING] Process RSS threshold exceeded (16.6MiB > 10MiB)
[2026-09-25 16:30:53] PROCESS:agent-leak-app-arm64 PID:7 CPU:1.1% RSS:16.6MiB STATE:SN THREADS:1 PORT:LISTENING DISK_USED:1%
[WARNING] Process RSS threshold exceeded (16.6MiB > 10MiB)
[2026-09-25 16:30:54] PROCESS:agent-leak-app-arm64 PID:7 CPU:1.0% RSS:16.6MiB STATE:SN THREADS:1 PORT:LISTENING DISK_USED:1%
[WARNING] Process RSS threshold exceeded (16.6MiB > 10MiB)
[2026-09-25 16:30:55] PROCESS:agent-leak-app-arm64 PID:7 CPU:1.0% RSS:16.6MiB STATE:RN THREADS:1 PORT:LISTENING DISK_USED:1%
[WARNING] Process RSS threshold exceeded (16.6MiB > 10MiB)
[2026-09-25 16:30:56] PROCESS:agent-leak-app-arm64 PID:7 CPU:1.0% RSS:16.6MiB STATE:SN THREADS:1 PORT:LISTENING DISK_USED:1%
[WARNING] Process RSS threshold exceeded (16.6MiB > 10MiB)
[2026-09-25 16:30:57] PROCESS:agent-leak-app-arm64 PID:7 CPU:0.9% RSS:16.6MiB STATE:SN THREADS:1 PORT:LISTENING DISK_USED:1%
[WARNING] Process RSS threshold exceeded (16.6MiB > 10MiB)
[2026-09-25 16:30:59] PROCESS:agent-leak-app-arm64 PID:7 CPU:1.1% RSS:16.6MiB STATE:SN THREADS:1 PORT:LISTENING DISK_USED:1%
[WARNING] Process RSS threshold exceeded (16.6MiB > 10MiB)
[2026-09-25 16:31:00] PROCESS:agent-leak-app-arm64 PID:7 CPU:1.0% RSS:16.6MiB STATE:SN THREADS:1 PORT:LISTENING DISK_USED:1%
[WARNING] Process RSS threshold exceeded (16.6MiB > 10MiB)
[2026-09-25 16:31:01] PROCESS:agent-leak-app-arm64 PID:7 CPU:1.0% RSS:16.6MiB STATE:SN THREADS:1 PORT:LISTENING DISK_USED:1%
[WARNING] Process RSS threshold exceeded (16.6MiB > 10MiB)
[2026-09-25 16:31:02] PROCESS:agent-leak-app-arm64 PID:7 CPU:1.1% RSS:16.6MiB STATE:SN THREADS:1 PORT:LISTENING DISK_USED:1%
[WARNING] Process RSS threshold exceeded (16.6MiB > 10MiB)
[2026-09-25 16:31:03] PROCESS:agent-leak-app-arm64 PID:7 CPU:1.1% RSS:16.6MiB STATE:SN THREADS:1 PORT:LISTENING DISK_USED:1%
[WARNING] Process RSS threshold exceeded (16.6MiB > 10MiB)
[2026-09-25 16:31:05] PROCESS:agent-leak-app-arm64 PID:7 CPU:1.2% RSS:16.6MiB STATE:SN THREADS:1 PORT:LISTENING DISK_USED:1%
[WARNING] Process RSS threshold exceeded (16.6MiB > 10MiB)
[2026-09-25 16:31:06] PROCESS:agent-leak-app-arm64 PID:7 CPU:1.1% RSS:16.6MiB STATE:SN THREADS:1 PORT:LISTENING DISK_USED:1%
[WARNING] Process RSS threshold exceeded (16.6MiB > 10MiB)
[2026-09-25 16:31:07] PROCESS:agent-leak-app-arm64 PID:7 CPU:1.1% RSS:16.6MiB STATE:SN THREADS:1 PORT:LISTENING DISK_USED:1%
[WARNING] Process RSS threshold exceeded (16.6MiB > 10MiB)
[2026-09-25 16:31:08] PROCESS:agent-leak-app-arm64 PID:7 CPU:1.2% RSS:16.6MiB STATE:SN THREADS:1 PORT:LISTENING DISK_USED:1%
[WARNING] Process RSS threshold exceeded (16.6MiB > 10MiB)
[2026-09-25 16:31:09] PROCESS:agent-leak-app-arm64 PID:7 CPU:1.2% RSS:16.6MiB STATE:SN THREADS:1 PORT:LISTENING DISK_USED:1%
[WARNING] Process RSS threshold exceeded (16.6MiB > 10MiB)
[2026-09-25 16:31:11] PROCESS:agent-leak-app-arm64 PID:7 CPU:1.1% RSS:16.6MiB STATE:SN THREADS:1 PORT:LISTENING DISK_USED:1%
[WARNING] Process RSS threshold exceeded (16.6MiB > 10MiB)
