  PID   LWP PSR %CPU %MEM   RSS STAT WCHAN                    COMMAND
    1     1   5 32.5  0.0  1816 Ss   do_wait                  agent-leak-app-
    7     7   6 33.3  0.2 16952 SN   do_select                agent-leak-app-
   39    39   6 25.0  0.0  3440 Rs   -                        ps
  PID   LWP PSR %CPU %MEM   RSS STAT WCHAN                    COMMAND
    1     1   5  8.6  0.0  1816 Ss   do_wait                  agent-leak-app-
    7     7   6  5.6  0.2 16952 SN   do_select                agent-leak-app-
   75    75   5  0.0  0.0  3440 Rs   -                        ps
  PID   LWP PSR %CPU %MEM   RSS STAT WCHAN                    COMMAND
    1     1   5  5.0  0.0  1816 Ss   do_wait                  agent-leak-app-
    7     7   6  3.4  0.2 17016 SN   do_select                agent-leak-app-
  112   112   4  0.0  0.0  3444 Rs   -                        ps
  PID   LWP PSR %CPU %MEM   RSS STAT WCHAN                    COMMAND
    1     1   5  3.5  0.0  1816 Ss   do_wait                  agent-leak-app-
    7     7   6  2.4  0.2 17016 SN   do_select                agent-leak-app-
  149   149   7  0.0  0.0  3440 Rs   -                        ps
  PID   LWP PSR %CPU %MEM   RSS STAT WCHAN                    COMMAND
    1     1   5  2.7  0.0  1816 Ss   do_wait                  agent-leak-app-
    7     7   6  1.8  0.2 17016 SN   do_select                agent-leak-app-
  186   186   1  0.0  0.0  3436 Rs   -                        ps
  PID   LWP PSR %CPU %MEM   RSS STAT WCHAN                    COMMAND
    1     1   5  2.2  0.0  1816 Ss   do_wait                  agent-leak-app-
    7     7   6  1.6  0.2 17016 SN   do_select                agent-leak-app-
  223   223   4  0.0  0.0  3440 Rs   -                        ps
  PID   LWP PSR %CPU %MEM   RSS STAT WCHAN                    COMMAND
    1     1   5  1.8  0.0  1816 Ss   do_wait                  agent-leak-app-
    7     7   6  1.3  0.2 17016 SN   do_select                agent-leak-app-
  260   260   1  0.0  0.0  3444 Rs   -                        ps
  PID   LWP PSR %CPU %MEM   RSS STAT WCHAN                    COMMAND
    1     1   5  1.6  0.0  1816 Ss   do_wait                  agent-leak-app-
    7     7   1  1.4  0.2 17016 SN   do_select                agent-leak-app-
  297   297   6  0.0  0.0  3444 Rs   -                        ps
  PID   LWP PSR %CPU %MEM   RSS STAT WCHAN                    COMMAND
    1     1   5  1.4  0.0  1816 Ss   do_wait                  agent-leak-app-
    7     7   1  1.2  0.2 17016 SN   do_select                agent-leak-app-
  334   334   6  0.0  0.0  3440 Rs   -                        ps
  PID   LWP PSR %CPU %MEM   RSS STAT WCHAN                    COMMAND
    1     1   5  1.2  0.0  1816 Ss   do_wait                  agent-leak-app-
    7     7   1  1.1  0.2 17016 SN   do_select                agent-leak-app-
  371   371   1  0.0  0.0  3444 Rs   -                        ps
  PID   LWP PSR %CPU %MEM   RSS STAT WCHAN                    COMMAND
    1     1   5  1.1  0.0  1816 Ss   do_wait                  agent-leak-app-
    7     7   1  1.1  0.2 17016 SN   do_select                agent-leak-app-
  408   408   3  0.0  0.0  3428 Rs   -                        ps
  PID   LWP PSR %CPU %MEM   RSS STAT WCHAN                    COMMAND
    1     1   5  1.0  0.0  1816 Ss   do_wait                  agent-leak-app-
    7     7   1  1.0  0.2 17016 SN   do_select                agent-leak-app-
  444   444   7  0.0  0.0  3440 Rs   -                        ps
  PID   LWP PSR %CPU %MEM   RSS STAT WCHAN                    COMMAND
    1     1   5  0.9  0.0  1816 Ss   do_wait                  agent-leak-app-
    7     7   1  0.9  0.2 17016 SN   do_select                agent-leak-app-
  481   481   6  0.0  0.0  3444 Rs   -                        ps
  PID   LWP PSR %CPU %MEM   RSS STAT WCHAN                    COMMAND
    1     1   5  0.8  0.0  1816 Ss   do_wait                  agent-leak-app-
    7     7   1  1.1  0.2 17016 SN   do_select                agent-leak-app-
  518   518   3  0.0  0.0  3412 Rs   -                        ps
  PID   LWP PSR %CPU %MEM   RSS STAT WCHAN                    COMMAND
    1     1   5  0.8  0.0  1816 Ss   do_wait                  agent-leak-app-
    7     7   1  1.0  0.2 17016 SN   do_select                agent-leak-app-
  555   555   1  0.0  0.0  3440 Rs   -                        ps
  PID   LWP PSR %CPU %MEM   RSS STAT WCHAN                    COMMAND
    1     1   5  0.7  0.0  1816 Ss   do_wait                  agent-leak-app-
    7     7   6  1.1  0.2 17016 SN   do_select                agent-leak-app-
  592   592   7  0.0  0.0  3396 Rs   -                        ps
  PID   LWP PSR %CPU %MEM   RSS STAT WCHAN                    COMMAND
    1     1   5  0.7  0.0  1816 Ss   do_wait                  agent-leak-app-
    7     7   6  1.0  0.2 17016 SN   do_select                agent-leak-app-
  629   629   4  0.0  0.0  3432 Rs   -                        ps
  PID   LWP PSR %CPU %MEM   RSS STAT WCHAN                    COMMAND
    1     1   5  0.6  0.0  1816 Ss   do_wait                  agent-leak-app-
    7     7   6  0.9  0.2 17016 SN   do_select                agent-leak-app-
  666   666   7  0.0  0.0  3420 Rs   -                        ps
  PID   LWP PSR %CPU %MEM   RSS STAT WCHAN                    COMMAND
    1     1   5  0.6  0.0  1816 Ss   do_wait                  agent-leak-app-
    7     7   6  1.1  0.2 17016 SN   do_select                agent-leak-app-
  703   703   5  0.0  0.0  3440 Rs   -                        ps
  PID   LWP PSR %CPU %MEM   RSS STAT WCHAN                    COMMAND
    1     1   5  0.6  0.0  1816 Ss   do_wait                  agent-leak-app-
    7     7   6  1.0  0.2 17016 SN   do_select                agent-leak-app-
  740   740   4  0.0  0.0  3440 Rs   -                        ps
  PID   LWP PSR %CPU %MEM   RSS STAT WCHAN                    COMMAND
    1     1   5  0.5  0.0  1816 Ss   do_wait                  agent-leak-app-
    7     7   6  1.0  0.2 17016 SN   do_select                agent-leak-app-
  778   778   0  0.0  0.0  3444 Rs   -                        ps
  PID   LWP PSR %CPU %MEM   RSS STAT WCHAN                    COMMAND
    1     1   5  0.5  0.0  1816 Ss   do_wait                  agent-leak-app-
    7     7   6  1.1  0.2 17016 SN   do_select                agent-leak-app-
  815   815   3  0.0  0.0  3440 Rs   -                        ps
  PID   LWP PSR %CPU %MEM   RSS STAT WCHAN                    COMMAND
    1     1   5  0.5  0.0  1816 Ss   do_wait                  agent-leak-app-
    7     7   1  1.1  0.2 17016 SN   do_select                agent-leak-app-
  852   852   6  0.0  0.0  3444 Rs   -                        ps
  PID   LWP PSR %CPU %MEM   RSS STAT WCHAN                    COMMAND
    1     1   5  0.5  0.0  1816 Ss   do_wait                  agent-leak-app-
    7     7   1  1.2  0.2 17016 SN   do_select                agent-leak-app-
  890   890   4  0.0  0.0  3440 Rs   -                        ps
  PID   LWP PSR %CPU %MEM   RSS STAT WCHAN                    COMMAND
    1     1   5  0.4  0.0  1816 Ss   do_wait                  agent-leak-app-
    7     7   1  1.1  0.2 17016 SN   do_select                agent-leak-app-
  927   927   3 25.0  0.0  3444 Rs   -                        ps
  PID   LWP PSR %CPU %MEM   RSS STAT WCHAN                    COMMAND
    1     1   5  0.4  0.0  1816 Ss   do_wait                  agent-leak-app-
    7     7   1  1.1  0.2 17016 SN   do_select                agent-leak-app-
  963   963   7 33.3  0.0  3440 Rs   -                        ps
  PID   LWP PSR %CPU %MEM   RSS STAT WCHAN                    COMMAND
    1     1   5  0.4  0.0  1816 Ss   do_wait                  agent-leak-app-
    7     7   1  1.2  0.2 17016 SN   do_select                agent-leak-app-
  999   999   6  0.0  0.0  3440 Rs   -                        ps
  PID   LWP PSR %CPU %MEM   RSS STAT WCHAN                    COMMAND
    1     1   5  0.4  0.0  1816 Ss   do_wait                  agent-leak-app-
    7     7   1  1.2  0.2 17016 SN   do_select                agent-leak-app-
 1035  1035   0 33.3  0.0  3444 Rs   -                        ps
  PID   LWP PSR %CPU %MEM   RSS STAT WCHAN                    COMMAND
    1     1   5  0.4  0.0  1816 Ss   do_wait                  agent-leak-app-
    7     7   1  1.1  0.2 17016 SN   do_select                agent-leak-app-
 1072  1072   7  0.0  0.0  3424 Rs   -                        ps
