2026-09-25T16:30:38.959658555Z >>> Starting Agent Boot Sequence...
2026-09-25T16:30:38.959676139Z [1/6] Checking User Account               [OK]
2026-09-25T16:30:38.959677597Z    ... Running as service user 'agent-admin' (uid=1001)
2026-09-25T16:30:38.959678555Z [2/6] Verifying Environment Variables     [OK]
2026-09-25T16:30:38.959679389Z    ... All required Envs correct
2026-09-25T16:30:38.959680180Z [3/6] Checking Required Files             [OK]
2026-09-25T16:30:38.959680972Z    ... Verified 'secret.key' with correct key string.
2026-09-25T16:30:38.959681764Z [4/6] Checking Port Availability          [OK]
2026-09-25T16:30:38.959682514Z    ... Port 15034 is available.
2026-09-25T16:30:38.959683264Z [5/6] Verifying Log Permission            [OK]
2026-09-25T16:30:38.959684139Z    ... Log directory is writable: /home/agent-admin/agent-app/logs
2026-09-25T16:30:38.959684972Z [6/6] Verifying Mission Environment       [OK]
2026-09-25T16:30:38.959685764Z    ... MEMORY_LIMIT=512MB, CPU_MAX_OCCUPY=10%, MULTI_THREAD_ENABLE=False
2026-09-25T16:30:38.959686597Z ------------------------------------------------------------
2026-09-25T16:30:38.959687389Z All Boot Checks Passed!
2026-09-25T16:30:38.959688180Z Agent READY
2026-09-25T16:30:38.959688972Z 2026-09-25 16:30:38,959 [INFO] [SafetyGuard] Process priority lowered (nice=10).
2026-09-25T16:30:38.959689847Z 2026-09-25 16:30:38,959 [INFO] Agent listening at port 15034
2026-09-25T16:30:40.961504167Z 
2026-09-25T16:30:40.961519000Z ==================================================
2026-09-25T16:30:40.961521209Z  [ Agent Initiate ] Resource Check 
2026-09-25T16:30:40.961522167Z ==================================================
2026-09-25T16:30:40.961523000Z  [ MEMORY ] Limit: 512MB 		[ OK ]
2026-09-25T16:30:40.961523875Z  [ CPU    ] Limit: 10%  		[ OK ]
2026-09-25T16:30:40.961524709Z  [ THREAD ] Concurrency: False 		[ OK ]
2026-09-25T16:30:40.961525542Z --------------------------------------------------
2026-09-25T16:30:40.961526292Z  >>> SYSTEM STATUS: STABLE. STARTING WORKLOAD MONITORING...
2026-09-25T16:30:40.961527250Z ==================================================
2026-09-25T16:30:40.961528084Z 
2026-09-25T16:30:40.961528834Z 2026-09-25 16:30:40,961 [INFO] >>> Scenario Selected: [Healthy System Monitoring]
2026-09-25T16:30:40.961940917Z 
2026-09-25T16:30:40.961948834Z >>> [SYSTEM] ALL CONFIGURATIONS OPTIMAL. RUNNING STABILITY TEST... <<<
2026-09-25T16:30:40.961950459Z 
2026-09-25T16:30:40.961951292Z 2026-09-25 16:30:40,961 [INFO] [Scheduler] Task Scheduler Initialized.
2026-09-25T16:30:40.961952250Z 2026-09-25 16:30:40,961 [INFO] [Scheduler] Registered Tasks: ['Thread-A', 'Thread-B', 'Thread-C']
2026-09-25T16:30:40.962081834Z 2026-09-25 16:30:40,961 [INFO] [Scheduler] Starting task execution...
2026-09-25T16:30:40.962179417Z 2026-09-25 16:30:40,962 [INFO] [Thread-B] Task Started. Calculating... (20%)
2026-09-25T16:30:41.014757792Z 2026-09-25 16:30:41,014 [INFO] [Thread-B] Calculating... (40%)
2026-09-25T16:30:41.071237209Z 2026-09-25 16:30:41,070 [INFO] [Thread-B] Calculating... (60%)
2026-09-25T16:30:41.123087501Z 2026-09-25 16:30:41,122 [INFO] [Thread-B] Calculating... (80%)
2026-09-25T16:30:41.176185084Z 2026-09-25 16:30:41,175 [INFO] [Thread-B] Task Completed. (100%)
2026-09-25T16:30:41.228066126Z 2026-09-25 16:30:41,226 [INFO] [Thread-C] Task Started. Calculating... (20%)
2026-09-25T16:30:41.278363751Z 2026-09-25 16:30:41,278 [INFO] [Thread-C] Calculating... (40%)
2026-09-25T16:30:41.329094834Z 2026-09-25 16:30:41,328 [INFO] [Thread-C] Calculating... (60%)
2026-09-25T16:30:41.380320167Z 2026-09-25 16:30:41,380 [INFO] [Thread-C] Calculating... (80%)
2026-09-25T16:30:41.431325209Z 2026-09-25 16:30:41,431 [INFO] [Thread-C] Task Completed. (100%)
2026-09-25T16:30:41.482610626Z 2026-09-25 16:30:41,482 [INFO] [Thread-A] Task Started. Calculating... (20%)
2026-09-25T16:30:41.533374001Z 2026-09-25 16:30:41,532 [INFO] [Thread-A] Calculating... (40%)
2026-09-25T16:30:41.584170584Z 2026-09-25 16:30:41,583 [INFO] [Thread-A] Calculating... (60%)
2026-09-25T16:30:41.636024459Z 2026-09-25 16:30:41,635 [INFO] [Thread-A] Calculating... (80%)
2026-09-25T16:30:41.686872917Z 2026-09-25 16:30:41,686 [INFO] [Thread-A] Task Completed. (100%)
2026-09-25T16:30:41.742084751Z 2026-09-25 16:30:41,741 [INFO] [Scheduler] All tasks completed.
2026-09-25T16:30:41.743880584Z 2026-09-25 16:30:41,743 [INFO] [MemoryWorker] Current Heap: 25MB
2026-09-25T16:30:41.744015292Z 2026-09-25 16:30:41,743 [INFO] [CpuWorker] Started. Maximum CPU Limit: 10%
2026-09-25T16:30:41.744065501Z 2026-09-25 16:30:41,743 [INFO] [CpuWorker] Current Load: 5.00%
2026-09-25T16:30:43.860168127Z 2026-09-25 16:30:43,859 [INFO] [CpuWorker] Peak reached (10.00%). Starting cooldown...
2026-09-25T16:30:44.766111461Z 2026-09-25 16:30:44,765 [INFO] [MemoryWorker] Current Heap: 50MB
2026-09-25T16:30:44.861155002Z 2026-09-25 16:30:44,860 [INFO] [CpuWorker] Current Load: 10.00%
2026-09-25T16:30:47.770735295Z 2026-09-25 16:30:47,770 [INFO] [MemoryWorker] Current Heap: 75MB
2026-09-25T16:30:47.977943879Z 2026-09-25 16:30:47,977 [INFO] [CpuWorker] Current Load: 7.43%
2026-09-25T16:30:50.781732172Z 2026-09-25 16:30:50,780 [INFO] [MemoryWorker] Current Heap: 100MB
2026-09-25T16:30:51.106430005Z 2026-09-25 16:30:51,105 [INFO] [CpuWorker] Current Load: 7.14%
2026-09-25T16:30:53.213291548Z 2026-09-25 16:30:53,213 [INFO] [CpuWorker] Cooldown complete (5.00%). Resuming load increase...
2026-09-25T16:30:53.801678215Z 2026-09-25 16:30:53,801 [INFO] [MemoryWorker] Current Heap: 125MB
2026-09-25T16:30:54.224118882Z 2026-09-25 16:30:54,222 [INFO] [CpuWorker] Current Load: 5.00%
2026-09-25T16:30:56.343158383Z 2026-09-25 16:30:56,342 [INFO] [CpuWorker] Peak reached (10.00%). Starting cooldown...
2026-09-25T16:30:56.814518800Z 2026-09-25 16:30:56,813 [INFO] [MemoryWorker] Current Heap: 150MB
2026-09-25T16:30:57.353995133Z 2026-09-25 16:30:57,353 [INFO] [CpuWorker] Current Load: 10.00%
2026-09-25T16:30:59.473914718Z 2026-09-25 16:30:59,472 [INFO] [CpuWorker] Cooldown complete (5.00%). Resuming load increase...
2026-09-25T16:30:59.833211509Z 2026-09-25 16:30:59,832 [INFO] [MemoryWorker] Current Heap: 175MB
2026-09-25T16:31:00.479677010Z 2026-09-25 16:31:00,479 [INFO] [CpuWorker] Current Load: 5.00%
2026-09-25T16:31:02.600345844Z 2026-09-25 16:31:02,599 [INFO] [CpuWorker] Peak reached (10.00%). Starting cooldown...
2026-09-25T16:31:02.836682511Z 2026-09-25 16:31:02,836 [INFO] [MemoryWorker] Current Heap: 200MB
2026-09-25T16:31:03.610434303Z 2026-09-25 16:31:03,609 [INFO] [CpuWorker] Current Load: 10.00%
2026-09-25T16:31:05.861038971Z 2026-09-25 16:31:05,860 [INFO] [MemoryWorker] Current Heap: 225MB
2026-09-25T16:31:06.732149429Z 2026-09-25 16:31:06,731 [INFO] [CpuWorker] Current Load: 8.46%
2026-09-25T16:31:08.869233097Z 2026-09-25 16:31:08,868 [INFO] [MemoryWorker] Current Heap: 250MB
2026-09-25T16:31:09.839573208Z 2026-09-25 16:31:09,839 [INFO] [CpuWorker] Current Load: 6.32%
2026-09-25T16:31:11.893846418Z 2026-09-25 16:31:11,893 [INFO] [MemoryWorker] Current Heap: 275MB
2026-09-25T16:31:11.947769584Z 2026-09-25 16:31:11,946 [INFO] [CpuWorker] Cooldown complete (5.00%). Resuming load increase...
2026-09-25T16:31:12.955459710Z 2026-09-25 16:31:12,954 [INFO] [CpuWorker] Current Load: 5.00%
2026-09-25T16:31:14.918555169Z 2026-09-25 16:31:14,917 [INFO] [MemoryWorker] Current Heap: 300MB
2026-09-25T16:31:15.078641044Z 2026-09-25 16:31:15,077 [INFO] [CpuWorker] Peak reached (10.00%). Starting cooldown...
2026-09-25T16:31:16.089899253Z 2026-09-25 16:31:16,088 [INFO] [CpuWorker] Current Load: 10.00%
2026-09-25T16:31:17.937075837Z 2026-09-25 16:31:17,936 [INFO] [MemoryWorker] Current Heap: 325MB
2026-09-25T16:31:19.204882254Z 2026-09-25 16:31:19,204 [INFO] [CpuWorker] Current Load: 6.38%
