[2026-09-25 16:30:38] PROCESS:agent-leak-app-arm64 PID:13 CPU:66.6% RSS:12.3MiB STATE:R THREADS:1 PORT:NOT_LISTENING DISK_USED:1%
[WARNING] Process CPU threshold exceeded (66.6% > 20%)
[WARNING] Process RSS threshold exceeded (12.3MiB > 10MiB)
[WARNING] Port 15034 is not listening
[2026-09-25 16:30:40] PROCESS:agent-leak-app-arm64 PID:13 CPU:2.4% RSS:16.6MiB STATE:SN THREADS:1 PORT:LISTENING DISK_USED:1%
[WARNING] Process RSS threshold exceeded (16.6MiB > 10MiB)
[2026-09-25 16:30:41] PROCESS:agent-leak-app-arm64 PID:13 CPU:1.2% RSS:16.6MiB STATE:SN THREADS:1 PORT:LISTENING DISK_USED:1%
[WARNING] Process RSS threshold exceeded (16.6MiB > 10MiB)
[2026-09-25 16:30:42] PROCESS:agent-leak-app-arm64 PID:13 CPU:1.3% RSS:41.8MiB STATE:SNl THREADS:3 PORT:LISTENING DISK_USED:1%
[WARNING] Process RSS threshold exceeded (41.8MiB > 10MiB)
[2026-09-25 16:30:43] PROCESS:agent-leak-app-arm64 PID:13 CPU:1.0% RSS:41.8MiB STATE:SNl THREADS:3 PORT:LISTENING DISK_USED:1%
[WARNING] Process RSS threshold exceeded (41.8MiB > 10MiB)
[2026-09-25 16:30:44] PROCESS:agent-leak-app-arm64 PID:13 CPU:1.0% RSS:66.8MiB STATE:SNl THREADS:3 PORT:LISTENING DISK_USED:1%
[WARNING] Process RSS threshold exceeded (66.8MiB > 10MiB)
[2026-09-25 16:30:46] PROCESS:agent-leak-app-arm64 PID:13 CPU:0.8% RSS:66.8MiB STATE:SNl THREADS:3 PORT:LISTENING DISK_USED:1%
[WARNING] Process RSS threshold exceeded (66.8MiB > 10MiB)
[2026-09-25 16:30:47] PROCESS:agent-leak-app-arm64 PID:13 CPU:0.7% RSS:66.8MiB STATE:SNl THREADS:3 PORT:LISTENING DISK_USED:1%
[WARNING] Process RSS threshold exceeded (66.8MiB > 10MiB)
[2026-09-25 16:30:48] PROCESS:agent-leak-app-arm64 PID:13 CPU:0.7% RSS:91.8MiB STATE:SNl THREADS:3 PORT:LISTENING DISK_USED:1%
[WARNING] Process RSS threshold exceeded (91.8MiB > 10MiB)
[2026-09-25 16:30:49] PROCESS:agent-leak-app-arm64 PID:13 CPU:0.6% RSS:91.8MiB STATE:SNl THREADS:3 PORT:LISTENING DISK_USED:1%
[WARNING] Process RSS threshold exceeded (91.8MiB > 10MiB)
[2026-09-25 16:30:50] PROCESS:agent-leak-app-arm64 PID:13 CPU:0.5% RSS:116.8MiB STATE:SNl THREADS:3 PORT:LISTENING DISK_USED:1%
[WARNING] Process RSS threshold exceeded (116.8MiB > 10MiB)
[2026-09-25 16:30:52] PROCESS:agent-leak-app-arm64 PID:13 CPU:0.6% RSS:116.8MiB STATE:SNl THREADS:3 PORT:LISTENING DISK_USED:1%
[WARNING] Process RSS threshold exceeded (116.8MiB > 10MiB)
[2026-09-25 16:30:53] PROCESS:agent-leak-app-arm64 PID:13 CPU:0.5% RSS:116.8MiB STATE:SNl THREADS:3 PORT:LISTENING DISK_USED:1%
[WARNING] Process RSS threshold exceeded (116.8MiB > 10MiB)
[2026-09-25 16:30:54] PROCESS:agent-leak-app-arm64 PID:13 CPU:0.5% RSS:141.8MiB STATE:SNl THREADS:3 PORT:LISTENING DISK_USED:1%
[WARNING] Process RSS threshold exceeded (141.8MiB > 10MiB)
[2026-09-25 16:30:55] PROCESS:agent-leak-app-arm64 PID:13 CPU:0.4% RSS:141.8MiB STATE:SNl THREADS:3 PORT:LISTENING DISK_USED:1%
[WARNING] Process RSS threshold exceeded (141.8MiB > 10MiB)
[2026-09-25 16:30:56] PROCESS:agent-leak-app-arm64 PID:13 CPU:0.4% RSS:141.8MiB STATE:SNl THREADS:3 PORT:LISTENING DISK_USED:1%
[WARNING] Process RSS threshold exceeded (141.8MiB > 10MiB)
[2026-09-25 16:30:57] PROCESS:agent-leak-app-arm64 PID:13 CPU:0.5% RSS:166.8MiB STATE:SNl THREADS:3 PORT:LISTENING DISK_USED:1%
[WARNING] Process RSS threshold exceeded (166.8MiB > 10MiB)
[2026-09-25 16:30:59] PROCESS:agent-leak-app-arm64 PID:13 CPU:0.5% RSS:166.8MiB STATE:SNl THREADS:3 PORT:LISTENING DISK_USED:1%
[WARNING] Process RSS threshold exceeded (166.8MiB > 10MiB)
[2026-09-25 16:31:00] PROCESS:agent-leak-app-arm64 PID:13 CPU:0.5% RSS:191.8MiB STATE:SNl THREADS:3 PORT:LISTENING DISK_USED:1%
[WARNING] Process RSS threshold exceeded (191.8MiB > 10MiB)
[2026-09-25 16:31:01] PROCESS:agent-leak-app-arm64 PID:13 CPU:0.4% RSS:191.8MiB STATE:SNl THREADS:3 PORT:LISTENING DISK_USED:1%
[WARNING] Process RSS threshold exceeded (191.8MiB > 10MiB)
[2026-09-25 16:31:02] PROCESS:agent-leak-app-arm64 PID:13 CPU:0.4% RSS:191.8MiB STATE:SNl THREADS:3 PORT:LISTENING DISK_USED:1%
[WARNING] Process RSS threshold exceeded (191.8MiB > 10MiB)
[2026-09-25 16:31:03] PROCESS:agent-leak-app-arm64 PID:13 CPU:0.4% RSS:216.8MiB STATE:SNl THREADS:3 PORT:LISTENING DISK_USED:1%
[WARNING] Process RSS threshold exceeded (216.8MiB > 10MiB)
[2026-09-25 16:31:05] PROCESS:agent-leak-app-arm64 PID:13 CPU:0.4% RSS:216.8MiB STATE:SNl THREADS:3 PORT:LISTENING DISK_USED:1%
[WARNING] Process RSS threshold exceeded (216.8MiB > 10MiB)
[2026-09-25 16:31:06] PROCESS:agent-leak-app-arm64 PID:13 CPU:0.4% RSS:241.8MiB STATE:SNl THREADS:3 PORT:LISTENING DISK_USED:1%
[WARNING] Process RSS threshold exceeded (241.8MiB > 10MiB)
[2026-09-25 16:31:07] PROCESS:agent-leak-app-arm64 PID:13 CPU:0.4% RSS:241.8MiB STATE:SNl THREADS:3 PORT:LISTENING DISK_USED:1%
[WARNING] Process RSS threshold exceeded (241.8MiB > 10MiB)
[2026-09-25 16:31:08] PROCESS:agent-leak-app-arm64 PID:13 CPU:0.4% RSS:241.8MiB STATE:SNl THREADS:3 PORT:LISTENING DISK_USED:1%
[WARNING] Process RSS threshold exceeded (241.8MiB > 10MiB)
[2026-09-25 16:31:09] PROCESS:agent-leak-app-arm64 PID:13 CPU:0.4% RSS:266.8MiB STATE:SNl THREADS:3 PORT:LISTENING DISK_USED:1%
[WARNING] Process RSS threshold exceeded (266.8MiB > 10MiB)
[2026-09-25 16:31:11] PROCESS:agent-leak-app-arm64 PID:13 CPU:0.4% RSS:266.8MiB STATE:SNl THREADS:3 PORT:LISTENING DISK_USED:1%
[WARNING] Process RSS threshold exceeded (266.8MiB > 10MiB)
[2026-09-25 16:31:12] PROCESS:agent-leak-app-arm64 PID:13 CPU:0.4% RSS:291.8MiB STATE:SNl THREADS:3 PORT:LISTENING DISK_USED:1%
[WARNING] Process RSS threshold exceeded (291.8MiB > 10MiB)
[2026-09-25 16:31:13] PROCESS:agent-leak-app-arm64 PID:13 CPU:0.4% RSS:291.8MiB STATE:SNl THREADS:3 PORT:LISTENING DISK_USED:1%
[WARNING] Process RSS threshold exceeded (291.8MiB > 10MiB)
[2026-09-25 16:31:14] PROCESS:agent-leak-app-arm64 PID:13 CPU:0.4% RSS:291.8MiB STATE:SNl THREADS:3 PORT:LISTENING DISK_USED:1%
[WARNING] Process RSS threshold exceeded (291.8MiB > 10MiB)
[2026-09-25 16:31:15] PROCESS:agent-leak-app-arm64 PID:13 CPU:0.4% RSS:316.8MiB STATE:SNl THREADS:3 PORT:LISTENING DISK_USED:1%
[WARNING] Process RSS threshold exceeded (316.8MiB > 10MiB)
[2026-09-25 16:31:16] PROCESS:agent-leak-app-arm64 PID:13 CPU:0.4% RSS:316.8MiB STATE:SNl THREADS:3 PORT:LISTENING DISK_USED:1%
[WARNING] Process RSS threshold exceeded (316.8MiB > 10MiB)
[2026-09-25 16:31:18] PROCESS:agent-leak-app-arm64 PID:13 CPU:0.4% RSS:341.8MiB STATE:SNl THREADS:3 PORT:LISTENING DISK_USED:1%
[WARNING] Process RSS threshold exceeded (341.8MiB > 10MiB)
[2026-09-25 16:31:19] PROCESS:agent-leak-app-arm64 PID:13 CPU:0.4% RSS:341.8MiB STATE:SNl THREADS:3 PORT:LISTENING DISK_USED:1%
[WARNING] Process RSS threshold exceeded (341.8MiB > 10MiB)
