  PID   LWP PSR %CPU %MEM   RSS STAT WCHAN                    COMMAND
    1     1   5 31.5  0.0  1816 Ss   do_wait                  agent-leak-app-
   13    13   4 33.3  0.2 16952 SN   do_select                agent-leak-app-
   39    39   6  0.0  0.0  3440 Rs   -                        ps
  PID   LWP PSR %CPU %MEM   RSS STAT WCHAN                    COMMAND
    1     1   5  4.3  0.0  1816 Ss   do_wait                  agent-leak-app-
   13    13   4  2.3  0.2 16952 SN   do_select                agent-leak-app-
   76    76   5  0.0  0.0  3440 Rs   -                        ps
  PID   LWP PSR %CPU %MEM   RSS STAT WCHAN                    COMMAND
    1     1   5  2.3  0.0  1816 Ss   do_wait                  agent-leak-app-
   13    13   4  1.2  0.2 16952 SN   do_select                agent-leak-app-
  113   113   4  0.0  0.0  3440 Rs   -                        ps
  PID   LWP PSR %CPU %MEM   RSS STAT WCHAN                    COMMAND
    1     1   5  1.6  0.0  1816 Ss   do_wait                  agent-leak-app-
   13    13   2  1.0  0.5 42772 SNl  futex_wait_queue         agent-leak-app-
   13   119   0  0.0  0.5 42772 SNl  do_select                agent-leak-app-
   13   120   4  0.0  0.5 42772 SNl  do_select                agent-leak-app-
  152   152   4  0.0  0.0  3440 Rs   -                        ps
  PID   LWP PSR %CPU %MEM   RSS STAT WCHAN                    COMMAND
    1     1   5  1.2  0.0  1816 Ss   do_wait                  agent-leak-app-
   13    13   2  0.8  0.5 42772 SNl  futex_wait_queue         agent-leak-app-
   13   119   0  0.0  0.5 42772 SNl  do_select                agent-leak-app-
   13   120   4  0.0  0.5 42772 SNl  do_select                agent-leak-app-
  188   188   4  0.0  0.0  3400 Rs   -                        ps
  PID   LWP PSR %CPU %MEM   RSS STAT WCHAN                    COMMAND
    1     1   5  0.9  0.0  1816 Ss   do_wait                  agent-leak-app-
   13    13   2  0.6  0.8 68376 SNl  futex_wait_queue         agent-leak-app-
   13   119   0  0.0  0.8 68376 SNl  do_select                agent-leak-app-
   13   120   5  0.3  0.8 68376 SNl  do_select                agent-leak-app-
  225   225   3  0.0  0.0  3404 Rs   -                        ps
  PID   LWP PSR %CPU %MEM   RSS STAT WCHAN                    COMMAND
    1     1   5  0.8  0.0  1816 Ss   do_wait                  agent-leak-app-
   13    13   2  0.5  0.8 68376 SNl  futex_wait_queue         agent-leak-app-
   13   119   0  0.0  0.8 68376 SNl  do_select                agent-leak-app-
   13   120   5  0.2  0.8 68376 SNl  do_select                agent-leak-app-
  262   262   4  0.0  0.0  3440 Rs   -                        ps
  PID   LWP PSR %CPU %MEM   RSS STAT WCHAN                    COMMAND
    1     1   5  0.7  0.0  1816 Ss   do_wait                  agent-leak-app-
   13    13   2  0.4  0.8 68376 SNl  futex_wait_queue         agent-leak-app-
   13   119   0  0.0  0.8 68376 SNl  do_select                agent-leak-app-
   13   120   5  0.1  0.8 68376 SNl  do_select                agent-leak-app-
  300   300   6 33.3  0.0  3432 Rs   -                        ps
  PID   LWP PSR %CPU %MEM   RSS STAT WCHAN                    COMMAND
    1     1   5  0.6  0.0  1816 Ss   do_wait                  agent-leak-app-
   13    13   2  0.4  1.1 93980 SNl  futex_wait_queue         agent-leak-app-
   13   119   5  0.0  1.1 93980 SNl  do_select                agent-leak-app-
   13   120   5  0.2  1.1 93980 SNl  do_select                agent-leak-app-
  337   337   5  0.0  0.0  3440 Rs   -                        ps
  PID   LWP PSR %CPU %MEM   RSS STAT WCHAN                    COMMAND
    1     1   5  0.5  0.0  1816 Ss   do_wait                  agent-leak-app-
   13    13   2  0.3  1.1 93980 SNl  futex_wait_queue         agent-leak-app-
   13   119   5  0.0  1.1 93980 SNl  do_select                agent-leak-app-
   13   120   5  0.2  1.1 93980 SNl  do_select                agent-leak-app-
  374   374   5  0.0  0.0  3444 Rs   -                        ps
  PID   LWP PSR %CPU %MEM   RSS STAT WCHAN                    COMMAND
    1     1   5  0.4  0.0  1816 Ss   do_wait                  agent-leak-app-
   13    13   2  0.3  1.4 119584 SNl futex_wait_queue         agent-leak-app-
   13   119   6  0.0  1.4 119584 SNl do_select                agent-leak-app-
   13   120   5  0.2  1.4 119584 SNl do_select                agent-leak-app-
  411   411   6  0.0  0.0  3436 Rs   -                        ps
  PID   LWP PSR %CPU %MEM   RSS STAT WCHAN                    COMMAND
    1     1   5  0.4  0.0  1816 Ss   do_wait                  agent-leak-app-
   13    13   2  0.3  1.4 119584 SNl futex_wait_queue         agent-leak-app-
   13   119   6  0.0  1.4 119584 SNl do_select                agent-leak-app-
   13   120   5  0.2  1.4 119584 SNl do_select                agent-leak-app-
  448   448   1 33.3  0.0  3440 Rs   -                        ps
  PID   LWP PSR %CPU %MEM   RSS STAT WCHAN                    COMMAND
    1     1   5  0.4  0.0  1816 Ss   do_wait                  agent-leak-app-
   13    13   2  0.2  1.4 119584 SNl futex_wait_queue         agent-leak-app-
   13   119   6  0.0  1.4 119584 SNl do_select                agent-leak-app-
   13   120   0  0.2  1.4 119584 SNl do_select                agent-leak-app-
  485   485   7  0.0  0.0  3388 Rs   -                        ps
  PID   LWP PSR %CPU %MEM   RSS STAT WCHAN                    COMMAND
    1     1   5  0.3  0.0  1816 Ss   do_wait                  agent-leak-app-
   13    13   2  0.2  1.7 145196 SNl futex_wait_queue         agent-leak-app-
   13   119   6  0.0  1.7 145196 SNl do_select                agent-leak-app-
   13   120   0  0.2  1.7 145196 SNl do_select                agent-leak-app-
  521   521   2  0.0  0.0  3444 Rs   -                        ps
  PID   LWP PSR %CPU %MEM   RSS STAT WCHAN                    COMMAND
    1     1   5  0.3  0.0  1816 Ss   do_wait                  agent-leak-app-
   13    13   2  0.2  1.7 145196 SNl futex_wait_queue         agent-leak-app-
   13   119   6  0.0  1.7 145196 SNl do_select                agent-leak-app-
   13   120   0  0.2  1.7 145196 SNl do_select                agent-leak-app-
  559   559   4  0.0  0.0  3396 Rs   -                        ps
  PID   LWP PSR %CPU %MEM   RSS STAT WCHAN                    COMMAND
    1     1   5  0.3  0.0  1816 Ss   do_wait                  agent-leak-app-
   13    13   2  0.2  2.1 170800 SNl futex_wait_queue         agent-leak-app-
   13   119   6  0.0  2.1 170800 SNl do_select                agent-leak-app-
   13   120   0  0.1  2.1 170800 SNl do_select                agent-leak-app-
  596   596   3  0.0  0.0  3440 Rs   -                        ps
  PID   LWP PSR %CPU %MEM   RSS STAT WCHAN                    COMMAND
    1     1   5  0.3  0.0  1816 Ss   do_wait                  agent-leak-app-
   13    13   2  0.2  2.1 170800 SNl futex_wait_queue         agent-leak-app-
   13   119   6  0.0  2.1 170800 SNl do_select                agent-leak-app-
   13   120   0  0.2  2.1 170800 SNl do_select                agent-leak-app-
  633   633   1  0.0  0.0  3428 Rs   -                        ps
  PID   LWP PSR %CPU %MEM   RSS STAT WCHAN                    COMMAND
    1     1   5  0.2  0.0  1816 Ss   do_wait                  agent-leak-app-
   13    13   2  0.1  2.1 170800 SNl futex_wait_queue         agent-leak-app-
   13   119   6  0.0  2.1 170800 SNl do_select                agent-leak-app-
   13   120   0  0.2  2.1 170800 SNl do_select                agent-leak-app-
  669   669   3 33.3  0.0  3440 Rs   -                        ps
  PID   LWP PSR %CPU %MEM   RSS STAT WCHAN                    COMMAND
    1     1   5  0.2  0.0  1816 Ss   do_wait                  agent-leak-app-
   13    13   2  0.1  2.4 196404 SNl futex_wait_queue         agent-leak-app-
   13   119   6  0.0  2.4 196404 SNl do_select                agent-leak-app-
   13   120   0  0.2  2.4 196404 SNl do_select                agent-leak-app-
  706   706   7  0.0  0.0  3444 Rs   -                        ps
  PID   LWP PSR %CPU %MEM   RSS STAT WCHAN                    COMMAND
    1     1   5  0.2  0.0  1816 Ss   do_wait                  agent-leak-app-
   13    13   2  0.1  2.4 196404 SNl futex_wait_queue         agent-leak-app-
   13   119   6  0.0  2.4 196404 SNl do_select                agent-leak-app-
   13   120   0  0.2  2.4 196404 SNl do_select                agent-leak-app-
  743   743   2  0.0  0.0  3440 Rs   -                        ps
  PID   LWP PSR %CPU %MEM   RSS STAT WCHAN                    COMMAND
    1     1   5  0.2  0.0  1816 Ss   do_wait                  agent-leak-app-
   13    13   2  0.1  2.4 196404 SNl futex_wait_queue         agent-leak-app-
   13   119   6  0.0  2.4 196404 SNl do_select                agent-leak-app-
   13   120   0  0.2  2.4 196404 SNl do_select                agent-leak-app-
  780   780   4  0.0  0.0  3444 Rs   -                        ps
  PID   LWP PSR %CPU %MEM   RSS STAT WCHAN                    COMMAND
    1     1   5  0.2  0.0  1816 Ss   do_wait                  agent-leak-app-
   13    13   2  0.1  2.7 222008 SNl futex_wait_queue         agent-leak-app-
   13   119   6  0.0  2.7 222008 SNl do_select                agent-leak-app-
   13   120   0  0.2  2.7 222008 SNl do_select                agent-leak-app-
  818   818   1  0.0  0.0  3432 Rs   -                        ps
  PID   LWP PSR %CPU %MEM   RSS STAT WCHAN                    COMMAND
    1     1   5  0.2  0.0  1816 Ss   do_wait                  agent-leak-app-
   13    13   2  0.1  2.7 222008 SNl futex_wait_queue         agent-leak-app-
   13   119   6  0.0  2.7 222008 SNl do_select                agent-leak-app-
   13   120   0  0.2  2.7 222008 SNl do_select                agent-leak-app-
  855   855   6  0.0  0.0  3440 Rs   -                        ps
  PID   LWP PSR %CPU %MEM   RSS STAT WCHAN                    COMMAND
    1     1   5  0.2  0.0  1816 Ss   do_wait                  agent-leak-app-
   13    13   2  0.1  3.0 247612 SNl futex_wait_queue         agent-leak-app-
   13   119   6  0.0  3.0 247612 SNl do_select                agent-leak-app-
   13   120   0  0.2  3.0 247612 SNl do_select                agent-leak-app-
  892   892   6  0.0  0.0  3444 Rs   -                        ps
  PID   LWP PSR %CPU %MEM   RSS STAT WCHAN                    COMMAND
    1     1   5  0.2  0.0  1816 Ss   do_wait                  agent-leak-app-
   13    13   2  0.1  3.0 247612 SNl futex_wait_queue         agent-leak-app-
   13   119   6  0.0  3.0 247612 SNl do_select                agent-leak-app-
   13   120   0  0.2  3.0 247612 SNl do_select                agent-leak-app-
  928   928   7  0.0  0.0  3432 Rs   -                        ps
  PID   LWP PSR %CPU %MEM   RSS STAT WCHAN                    COMMAND
    1     1   5  0.2  0.0  1816 Ss   do_wait                  agent-leak-app-
   13    13   2  0.1  3.0 247612 SNl futex_wait_queue         agent-leak-app-
   13   119   6  0.0  3.0 247612 SNl do_select                agent-leak-app-
   13   120   0  0.2  3.0 247612 SNl do_select                agent-leak-app-
  965   965   3  0.0  0.0  3440 Rs   -                        ps
  PID   LWP PSR %CPU %MEM   RSS STAT WCHAN                    COMMAND
    1     1   5  0.1  0.0  1816 Ss   do_wait                  agent-leak-app-
   13    13   2  0.1  3.3 273216 SNl futex_wait_queue         agent-leak-app-
   13   119   5  0.0  3.3 273216 SNl do_select                agent-leak-app-
   13   120   1  0.2  3.3 273216 SNl do_select                agent-leak-app-
 1002  1002   5  0.0  0.0  3444 Rs   -                        ps
  PID   LWP PSR %CPU %MEM   RSS STAT WCHAN                    COMMAND
    1     1   5  0.1  0.0  1816 Ss   do_wait                  agent-leak-app-
   13    13   2  0.1  3.3 273216 SNl futex_wait_queue         agent-leak-app-
   13   119   5  0.0  3.3 273216 SNl do_select                agent-leak-app-
   13   120   1  0.2  3.3 273216 SNl do_select                agent-leak-app-
 1039  1039   2  0.0  0.0  3432 Rs   -                        ps
  PID   LWP PSR %CPU %MEM   RSS STAT WCHAN                    COMMAND
    1     1   5  0.1  0.0  1816 Ss   do_wait                  agent-leak-app-
   13    13   2  0.1  3.6 298820 SNl futex_wait_queue         agent-leak-app-
   13   119   5  0.0  3.6 298820 SNl do_select                agent-leak-app-
   13   120   1  0.2  3.6 298820 SNl do_select                agent-leak-app-
 1076  1076   5  0.0  0.0  3424 Rs   -                        ps
  PID   LWP PSR %CPU %MEM   RSS STAT WCHAN                    COMMAND
    1     1   5  0.1  0.0  1816 Ss   do_wait                  agent-leak-app-
   13    13   2  0.1  3.6 298820 SNl futex_wait_queue         agent-leak-app-
   13   119   5  0.0  3.6 298820 SNl do_select                agent-leak-app-
   13   120   1  0.2  3.6 298820 SNl do_select                agent-leak-app-
 1113  1113   7  0.0  0.0  3444 Rs   -                        ps
  PID   LWP PSR %CPU %MEM   RSS STAT WCHAN                    COMMAND
    1     1   5  0.1  0.0  1816 Ss   do_wait                  agent-leak-app-
   13    13   2  0.1  3.6 298820 SNl futex_wait_queue         agent-leak-app-
   13   119   5  0.0  3.6 298820 SNl do_select                agent-leak-app-
   13   120   1  0.2  3.6 298820 SNl do_select                agent-leak-app-
 1150  1150   0  0.0  0.0  3444 Rs   -                        ps
  PID   LWP PSR %CPU %MEM   RSS STAT WCHAN                    COMMAND
    1     1   5  0.1  0.0  1816 Ss   do_wait                  agent-leak-app-
   13    13   2  0.1  3.9 324424 SNl futex_wait_queue         agent-leak-app-
   13   119   5  0.0  3.9 324424 SNl do_select                agent-leak-app-
   13   120   1  0.2  3.9 324424 SNl do_select                agent-leak-app-
 1187  1187   6  0.0  0.0  3440 Rs   -                        ps
  PID   LWP PSR %CPU %MEM   RSS STAT WCHAN                    COMMAND
    1     1   5  0.1  0.0  1816 Ss   do_wait                  agent-leak-app-
   13    13   2  0.1  3.9 324424 SNl futex_wait_queue         agent-leak-app-
   13   119   5  0.0  3.9 324424 SNl do_select                agent-leak-app-
   13   120   1  0.2  3.9 324424 SNl do_select                agent-leak-app-
 1223  1223   4  0.0  0.0  3440 Rs   -                        ps
  PID   LWP PSR %CPU %MEM   RSS STAT WCHAN                    COMMAND
    1     1   5  0.1  0.0  1816 Ss   do_wait                  agent-leak-app-
   13    13   2  0.1  4.3 350028 SNl futex_wait_queue         agent-leak-app-
   13   119   6  0.0  4.3 350028 SNl do_select                agent-leak-app-
   13   120   1  0.2  4.3 350028 SNl do_select                agent-leak-app-
 1261  1261   0  0.0  0.0  3436 Rs   -                        ps
  PID   LWP PSR %CPU %MEM   RSS STAT WCHAN                    COMMAND
    1     1   5  0.1  0.0  1816 Ss   do_wait                  agent-leak-app-
   13    13   2  0.0  4.3 350028 SNl futex_wait_queue         agent-leak-app-
   13   119   6  0.0  4.3 350028 SNl do_select                agent-leak-app-
   13   120   2  0.2  4.3 350028 SNl do_select                agent-leak-app-
 1298  1298   6  0.0  0.0  3444 Rs   -                        ps
