2026-09-25T16:31:38.802919680Z >>> Starting Agent Boot Sequence...
2026-09-25T16:31:38.802937430Z [1/6] Checking User Account               [OK]
2026-09-25T16:31:38.802938889Z    ... Running as service user 'agent-admin' (uid=1001)
2026-09-25T16:31:38.802939847Z [2/6] Verifying Environment Variables     [OK]
2026-09-25T16:31:38.802940680Z    ... All required Envs correct
2026-09-25T16:31:38.802941639Z [3/6] Checking Required Files             [OK]
2026-09-25T16:31:38.802942430Z    ... Verified 'secret.key' with correct key string.
2026-09-25T16:31:38.802943222Z [4/6] Checking Port Availability          [OK]
2026-09-25T16:31:38.802943972Z    ... Port 15034 is available.
2026-09-25T16:31:38.802944722Z [5/6] Verifying Log Permission            [OK]
2026-09-25T16:31:38.802945514Z    ... Log directory is writable: /home/agent-admin/agent-app/logs
2026-09-25T16:31:38.802946347Z [6/6] Verifying Mission Environment       [OK]
2026-09-25T16:31:38.802947180Z    ... MEMORY_LIMIT=512MB, CPU_MAX_OCCUPY=10%, MULTI_THREAD_ENABLE=False
2026-09-25T16:31:38.802948014Z ------------------------------------------------------------
2026-09-25T16:31:38.802948847Z All Boot Checks Passed!
2026-09-25T16:31:38.802949555Z Agent READY
2026-09-25T16:31:38.802950347Z 2026-09-25 16:31:38,802 [INFO] [SafetyGuard] Process priority lowered (nice=10).
2026-09-25T16:31:38.802951222Z 2026-09-25 16:31:38,802 [INFO] Agent listening at port 15034
2026-09-25T16:31:40.817582334Z 
2026-09-25T16:31:40.817600417Z ==================================================
2026-09-25T16:31:40.817602584Z  [ Agent Initiate ] Resource Check 
2026-09-25T16:31:40.817604167Z ==================================================
2026-09-25T16:31:40.817605625Z  [ MEMORY ] Limit: 512MB 		[ OK ]
2026-09-25T16:31:40.817607084Z  [ CPU    ] Limit: 10%  		[ OK ]
2026-09-25T16:31:40.817608459Z  [ THREAD ] Concurrency: False 		[ OK ]
2026-09-25T16:31:40.817609792Z --------------------------------------------------
2026-09-25T16:31:40.817611125Z  >>> SYSTEM STATUS: STABLE. STARTING WORKLOAD MONITORING...
2026-09-25T16:31:40.817612625Z ==================================================
2026-09-25T16:31:40.817613959Z 
2026-09-25T16:31:40.817615209Z 2026-09-25 16:31:40,817 [INFO] >>> Scenario Selected: [Healthy System Monitoring]
2026-09-25T16:31:40.817703625Z 
2026-09-25T16:31:40.817713334Z >>> [SYSTEM] ALL CONFIGURATIONS OPTIMAL. RUNNING STABILITY TEST... <<<
2026-09-25T16:31:40.817715667Z 
2026-09-25T16:31:40.817717125Z 2026-09-25 16:31:40,817 [INFO] [Scheduler] Task Scheduler Initialized.
2026-09-25T16:31:40.817721917Z 2026-09-25 16:31:40,817 [INFO] [Scheduler] Registered Tasks: ['Thread-A', 'Thread-B', 'Thread-C']
2026-09-25T16:31:40.817788750Z 2026-09-25 16:31:40,817 [INFO] [Scheduler] Starting task execution...
2026-09-25T16:31:40.817849917Z 2026-09-25 16:31:40,817 [INFO] [Thread-B] Task Started. Calculating... (20%)
2026-09-25T16:31:40.873873917Z 2026-09-25 16:31:40,873 [INFO] [Thread-B] Calculating... (40%)
2026-09-25T16:31:40.929941500Z 2026-09-25 16:31:40,929 [INFO] [Thread-B] Calculating... (60%)
2026-09-25T16:31:40.986388167Z 2026-09-25 16:31:40,985 [INFO] [Thread-B] Calculating... (80%)
2026-09-25T16:31:41.042886875Z 2026-09-25 16:31:41,042 [INFO] [Thread-B] Task Completed. (100%)
2026-09-25T16:31:41.094067209Z 2026-09-25 16:31:41,093 [INFO] [Thread-C] Task Started. Calculating... (20%)
2026-09-25T16:31:41.145554001Z 2026-09-25 16:31:41,145 [INFO] [Thread-C] Calculating... (40%)
2026-09-25T16:31:41.196657917Z 2026-09-25 16:31:41,196 [INFO] [Thread-C] Calculating... (60%)
2026-09-25T16:31:41.248100126Z 2026-09-25 16:31:41,247 [INFO] [Thread-C] Calculating... (80%)
2026-09-25T16:31:41.299083876Z 2026-09-25 16:31:41,298 [INFO] [Thread-C] Task Completed. (100%)
2026-09-25T16:31:41.354380126Z 2026-09-25 16:31:41,354 [INFO] [Thread-A] Task Started. Calculating... (20%)
2026-09-25T16:31:41.410905334Z 2026-09-25 16:31:41,410 [INFO] [Thread-A] Calculating... (40%)
2026-09-25T16:31:41.464599876Z 2026-09-25 16:31:41,464 [INFO] [Thread-A] Calculating... (60%)
2026-09-25T16:31:41.517891667Z 2026-09-25 16:31:41,517 [INFO] [Thread-A] Calculating... (80%)
2026-09-25T16:31:41.573974959Z 2026-09-25 16:31:41,573 [INFO] [Thread-A] Task Completed. (100%)
2026-09-25T16:31:41.628605501Z 2026-09-25 16:31:41,627 [INFO] [Scheduler] All tasks completed.
2026-09-25T16:31:41.640696292Z 2026-09-25 16:31:41,639 [INFO] [MemoryWorker] Current Heap: 25MB
2026-09-25T16:31:41.640732751Z 2026-09-25 16:31:41,640 [INFO] [CpuWorker] Started. Maximum CPU Limit: 10%
2026-09-25T16:31:41.640910584Z 2026-09-25 16:31:41,640 [INFO] [CpuWorker] Current Load: 5.00%
2026-09-25T16:31:44.659333294Z 2026-09-25 16:31:44,658 [INFO] [MemoryWorker] Current Heap: 50MB
2026-09-25T16:31:44.758688961Z 2026-09-25 16:31:44,758 [INFO] [CpuWorker] Current Load: 5.78%
2026-09-25T16:31:47.679321795Z 2026-09-25 16:31:47,678 [INFO] [MemoryWorker] Current Heap: 75MB
2026-09-25T16:31:47.883205212Z 2026-09-25 16:31:47,882 [INFO] [CpuWorker] Current Load: 8.62%
2026-09-25T16:31:49.998358088Z 2026-09-25 16:31:49,997 [INFO] [CpuWorker] Peak reached (10.00%). Starting cooldown...
2026-09-25T16:31:50.681878255Z 2026-09-25 16:31:50,681 [INFO] [MemoryWorker] Current Heap: 100MB
2026-09-25T16:31:51.009151672Z 2026-09-25 16:31:51,008 [INFO] [CpuWorker] Current Load: 10.00%
2026-09-25T16:31:53.708059965Z 2026-09-25 16:31:53,705 [INFO] [MemoryWorker] Current Heap: 125MB
2026-09-25T16:31:54.127691007Z 2026-09-25 16:31:54,127 [INFO] [CpuWorker] Current Load: 9.65%
2026-09-25T16:31:56.242232383Z 2026-09-25 16:31:56,241 [INFO] [CpuWorker] Cooldown complete (5.00%). Resuming load increase...
2026-09-25T16:31:56.714557133Z 2026-09-25 16:31:56,714 [INFO] [MemoryWorker] Current Heap: 150MB
2026-09-25T16:31:57.253079133Z 2026-09-25 16:31:57,252 [INFO] [CpuWorker] Current Load: 5.00%
2026-09-25T16:31:59.369740093Z 2026-09-25 16:31:59,369 [INFO] [CpuWorker] Peak reached (10.00%). Starting cooldown...
2026-09-25T16:31:59.739199843Z 2026-09-25 16:31:59,738 [INFO] [MemoryWorker] Current Heap: 175MB
2026-09-25T16:32:00.376468468Z 2026-09-25 16:32:00,375 [INFO] [CpuWorker] Current Load: 10.00%
2026-09-25T16:32:02.481813469Z 2026-09-25 16:32:02,481 [INFO] [CpuWorker] Cooldown complete (5.00%). Resuming load increase...
2026-09-25T16:32:02.762598177Z 2026-09-25 16:32:02,762 [INFO] [MemoryWorker] Current Heap: 200MB
2026-09-25T16:32:03.491799636Z 2026-09-25 16:32:03,491 [INFO] [CpuWorker] Current Load: 5.00%
2026-09-25T16:32:05.784981179Z 2026-09-25 16:32:05,784 [INFO] [MemoryWorker] Current Heap: 225MB
2026-09-25T16:32:06.620795971Z 2026-09-25 16:32:06,619 [INFO] [CpuWorker] Current Load: 7.50%
