[2026-09-25 16:31:38] PROCESS:agent-leak-app-arm64 PID:13 CPU:60.0% RSS:12.3MiB STATE:R THREADS:1 PORT:NOT_LISTENING DISK_USED:1%
[WARNING] Process CPU threshold exceeded (60.0% > 20%)
[WARNING] Process RSS threshold exceeded (12.3MiB > 10MiB)
[WARNING] Port 15034 is not listening
[2026-09-25 16:31:39] PROCESS:agent-leak-app-arm64 PID:13 CPU:3.2% RSS:16.6MiB STATE:SN THREADS:1 PORT:LISTENING DISK_USED:1%
[WARNING] Process RSS threshold exceeded (16.6MiB > 10MiB)
[2026-09-25 16:31:41] PROCESS:agent-leak-app-arm64 PID:13 CPU:1.6% RSS:16.6MiB STATE:SN THREADS:1 PORT:LISTENING DISK_USED:1%
[WARNING] Process RSS threshold exceeded (16.6MiB > 10MiB)
[2026-09-25 16:31:42] PROCESS:agent-leak-app-arm64 PID:13 CPU:1.9% RSS:41.8MiB STATE:SNl THREADS:3 PORT:LISTENING DISK_USED:1%
[WARNING] Process RSS threshold exceeded (41.8MiB > 10MiB)
[2026-09-25 16:31:43] PROCESS:agent-leak-app-arm64 PID:13 CPU:1.4% RSS:41.8MiB STATE:SNl THREADS:3 PORT:LISTENING DISK_USED:1%
[WARNING] Process RSS threshold exceeded (41.8MiB > 10MiB)
[2026-09-25 16:31:44] PROCESS:agent-leak-app-arm64 PID:13 CPU:1.1% RSS:66.8MiB STATE:SNl THREADS:3 PORT:LISTENING DISK_USED:1%
[WARNING] Process RSS threshold exceeded (66.8MiB > 10MiB)
[2026-09-25 16:31:45] PROCESS:agent-leak-app-arm64 PID:13 CPU:1.1% RSS:66.8MiB STATE:SNl THREADS:3 PORT:LISTENING DISK_USED:1%
[WARNING] Process RSS threshold exceeded (66.8MiB > 10MiB)
[2026-09-25 16:31:47] PROCESS:agent-leak-app-arm64 PID:13 CPU:0.9% RSS:66.8MiB STATE:SNl THREADS:3 PORT:LISTENING DISK_USED:1%
[WARNING] Process RSS threshold exceeded (66.8MiB > 10MiB)
[2026-09-25 16:31:48] PROCESS:agent-leak-app-arm64 PID:13 CPU:0.9% RSS:91.8MiB STATE:SNl THREADS:3 PORT:LISTENING DISK_USED:1%
[WARNING] Process RSS threshold exceeded (91.8MiB > 10MiB)
[2026-09-25 16:31:49] PROCESS:agent-leak-app-arm64 PID:13 CPU:0.8% RSS:91.8MiB STATE:SNl THREADS:3 PORT:LISTENING DISK_USED:1%
[WARNING] Process RSS threshold exceeded (91.8MiB > 10MiB)
[2026-09-25 16:31:50] PROCESS:agent-leak-app-arm64 PID:13 CPU:0.7% RSS:91.8MiB STATE:SNl THREADS:3 PORT:LISTENING DISK_USED:1%
[WARNING] Process RSS threshold exceeded (91.8MiB > 10MiB)
[2026-09-25 16:31:51] PROCESS:agent-leak-app-arm64 PID:13 CPU:0.7% RSS:116.8MiB STATE:SNl THREADS:3 PORT:LISTENING DISK_USED:1%
[WARNING] Process RSS threshold exceeded (116.8MiB > 10MiB)
[2026-09-25 16:31:53] PROCESS:agent-leak-app-arm64 PID:13 CPU:0.7% RSS:116.8MiB STATE:SNl THREADS:3 PORT:LISTENING DISK_USED:1%
[WARNING] Process RSS threshold exceeded (116.8MiB > 10MiB)
[2026-09-25 16:31:54] PROCESS:agent-leak-app-arm64 PID:13 CPU:0.7% RSS:141.8MiB STATE:SNl THREADS:3 PORT:LISTENING DISK_USED:1%
[WARNING] Process RSS threshold exceeded (141.8MiB > 10MiB)
[2026-09-25 16:31:55] PROCESS:agent-leak-app-arm64 PID:13 CPU:0.7% RSS:141.8MiB STATE:SNl THREADS:3 PORT:LISTENING DISK_USED:1%
[WARNING] Process RSS threshold exceeded (141.8MiB > 10MiB)
[2026-09-25 16:31:56] PROCESS:agent-leak-app-arm64 PID:13 CPU:0.6% RSS:141.8MiB STATE:SNl THREADS:3 PORT:LISTENING DISK_USED:1%
[WARNING] Process RSS threshold exceeded (141.8MiB > 10MiB)
[2026-09-25 16:31:57] PROCESS:agent-leak-app-arm64 PID:13 CPU:0.6% RSS:166.8MiB STATE:SNl THREADS:3 PORT:LISTENING DISK_USED:1%
[WARNING] Process RSS threshold exceeded (166.8MiB > 10MiB)
[2026-09-25 16:31:58] PROCESS:agent-leak-app-arm64 PID:13 CPU:0.5% RSS:166.8MiB STATE:SNl THREADS:3 PORT:LISTENING DISK_USED:1%
[WARNING] Process RSS threshold exceeded (166.8MiB > 10MiB)
[2026-09-25 16:32:00] PROCESS:agent-leak-app-arm64 PID:13 CPU:0.6% RSS:191.8MiB STATE:SNl THREADS:3 PORT:LISTENING DISK_USED:1%
[WARNING] Process RSS threshold exceeded (191.8MiB > 10MiB)
[2026-09-25 16:32:01] PROCESS:agent-leak-app-arm64 PID:13 CPU:0.6% RSS:191.8MiB STATE:SNl THREADS:3 PORT:LISTENING DISK_USED:1%
[WARNING] Process RSS threshold exceeded (191.8MiB > 10MiB)
[2026-09-25 16:32:02] PROCESS:agent-leak-app-arm64 PID:13 CPU:0.6% RSS:191.8MiB STATE:SNl THREADS:3 PORT:LISTENING DISK_USED:1%
[WARNING] Process RSS threshold exceeded (191.8MiB > 10MiB)
[2026-09-25 16:32:03] PROCESS:agent-leak-app-arm64 PID:13 CPU:0.6% RSS:216.8MiB STATE:SNl THREADS:3 PORT:LISTENING DISK_USED:1%
[WARNING] Process RSS threshold exceeded (216.8MiB > 10MiB)
[2026-09-25 16:32:04] PROCESS:agent-leak-app-arm64 PID:13 CPU:0.5% RSS:216.8MiB STATE:SNl THREADS:3 PORT:LISTENING DISK_USED:1%
[WARNING] Process RSS threshold exceeded (216.8MiB > 10MiB)
[2026-09-25 16:32:06] PROCESS:agent-leak-app-arm64 PID:13 CPU:0.5% RSS:241.8MiB STATE:SNl THREADS:3 PORT:LISTENING DISK_USED:1%
[WARNING] Process RSS threshold exceeded (241.8MiB > 10MiB)
[2026-09-25 16:32:07] PROCESS:agent-leak-app-arm64 PID:13 CPU:0.5% RSS:241.8MiB STATE:SNl THREADS:3 PORT:LISTENING DISK_USED:1%
[WARNING] Process RSS threshold exceeded (241.8MiB > 10MiB)
