  PID   LWP PSR %CPU %MEM   RSS STAT WCHAN                    COMMAND
    1     1   2 33.3  0.0  1816 Ss   do_wait                  agent-leak-app-
   13    13   3 36.3  0.2 16952 SN   do_select                agent-leak-app-
   39    39   6  0.0  0.0  3444 Rs   -                        ps
  PID   LWP PSR %CPU %MEM   RSS STAT WCHAN                    COMMAND
    1     1   2  4.9  0.0  1816 Ss   do_wait                  agent-leak-app-
   13    13   3  3.0  0.2 16952 SN   do_select                agent-leak-app-
   76    76   1  0.0  0.0  3436 Rs   -                        ps
  PID   LWP PSR %CPU %MEM   RSS STAT WCHAN                    COMMAND
    1     1   2  2.6  0.0  1816 Ss   do_wait                  agent-leak-app-
   13    13   2  1.6  0.2 16952 SN   do_select                agent-leak-app-
  113   113   3  0.0  0.0  3440 Rs   -                        ps
  PID   LWP PSR %CPU %MEM   RSS STAT WCHAN                    COMMAND
    1     1   2  1.8  0.0  1816 Ss   do_wait                  agent-leak-app-
   13    13   3  1.0  0.5 42772 SNl  futex_wait_queue         agent-leak-app-
   13   119   6  0.0  0.5 42772 SNl  do_select                agent-leak-app-
   13   120   5  0.0  0.5 42772 SNl  do_select                agent-leak-app-
  152   152   4  0.0  0.0  3428 Rs   -                        ps
  PID   LWP PSR %CPU %MEM   RSS STAT WCHAN                    COMMAND
    1     1   2  1.4  0.0  1816 Ss   do_wait                  agent-leak-app-
   13    13   3  0.8  0.5 42772 SNl  futex_wait_queue         agent-leak-app-
   13   119   6  0.0  0.5 42772 SNl  do_select                agent-leak-app-
   13   120   5  0.0  0.5 42772 SNl  do_select                agent-leak-app-
  189   189   4  0.0  0.0  3444 Rs   -                        ps
  PID   LWP PSR %CPU %MEM   RSS STAT WCHAN                    COMMAND
    1     1   2  1.1  0.0  1816 Ss   do_wait                  agent-leak-app-
   13    13   3  0.6  0.8 68376 SNl  futex_wait_queue         agent-leak-app-
   13   119   7  0.3  0.8 68376 SNl  do_select                agent-leak-app-
   13   120   3  0.3  0.8 68376 SNl  do_select                agent-leak-app-
  227   227   6  0.0  0.0  3440 Rs   -                        ps
  PID   LWP PSR %CPU %MEM   RSS STAT WCHAN                    COMMAND
    1     1   2  0.9  0.0  1816 Ss   do_wait                  agent-leak-app-
   13    13   3  0.5  0.8 68376 SNl  futex_wait_queue         agent-leak-app-
   13   119   7  0.2  0.8 68376 SNl  do_select                agent-leak-app-
   13   120   3  0.2  0.8 68376 SNl  do_select                agent-leak-app-
  264   264   2 33.3  0.0  3440 Rs   -                        ps
  PID   LWP PSR %CPU %MEM   RSS STAT WCHAN                    COMMAND
    1     1   2  0.8  0.0  1816 Ss   do_wait                  agent-leak-app-
   13    13   3  0.4  0.8 68376 SNl  futex_wait_queue         agent-leak-app-
   13   119   7  0.1  0.8 68376 SNl  do_select                agent-leak-app-
   13   120   3  0.1  0.8 68376 SNl  do_select                agent-leak-app-
  301   301   2  0.0  0.0  3432 Rs   -                        ps
  PID   LWP PSR %CPU %MEM   RSS STAT WCHAN                    COMMAND
    1     1   2  0.7  0.0  1816 Ss   do_wait                  agent-leak-app-
   13    13   3  0.4  1.1 93980 SNl  futex_wait_queue         agent-leak-app-
   13   119   7  0.1  1.1 93980 SNl  do_select                agent-leak-app-
   13   120   3  0.2  1.1 93980 SNl  do_select                agent-leak-app-
  338   338   5  0.0  0.0  3444 Rs   -                        ps
  PID   LWP PSR %CPU %MEM   RSS STAT WCHAN                    COMMAND
    1     1   2  0.6  0.0  1816 Ss   do_wait                  agent-leak-app-
   13    13   3  0.3  1.1 93980 SNl  futex_wait_queue         agent-leak-app-
   13   119   7  0.1  1.1 93980 SNl  do_select                agent-leak-app-
   13   120   3  0.2  1.1 93980 SNl  do_select                agent-leak-app-
  375   375   7  0.0  0.0  3428 Rs   -                        ps
  PID   LWP PSR %CPU %MEM   RSS STAT WCHAN                    COMMAND
    1     1   2  0.5  0.0  1816 Ss   do_wait                  agent-leak-app-
   13    13   3  0.3  1.4 119584 SNl futex_wait_queue         agent-leak-app-
   13   119   7  0.1  1.4 119584 SNl do_select                agent-leak-app-
   13   120   3  0.2  1.4 119584 SNl do_select                agent-leak-app-
  412   412   7  0.0  0.0  3440 Rs   -                        ps
  PID   LWP PSR %CPU %MEM   RSS STAT WCHAN                    COMMAND
    1     1   2  0.5  0.0  1816 Ss   do_wait                  agent-leak-app-
   13    13   3  0.3  1.4 119584 SNl futex_wait_queue         agent-leak-app-
   13   119   7  0.0  1.4 119584 SNl do_select                agent-leak-app-
   13   120   3  0.2  1.4 119584 SNl do_select                agent-leak-app-
  449   449   4  0.0  0.0  3444 Rs   -                        ps
  PID   LWP PSR %CPU %MEM   RSS STAT WCHAN                    COMMAND
    1     1   2  0.4  0.0  1816 Ss   do_wait                  agent-leak-app-
   13    13   3  0.2  1.4 119584 SNl futex_wait_queue         agent-leak-app-
   13   119   7  0.0  1.4 119584 SNl do_select                agent-leak-app-
   13   120   3  0.2  1.4 119584 SNl do_select                agent-leak-app-
  486   486   4  0.0  0.0  3440 Rs   -                        ps
  PID   LWP PSR %CPU %MEM   RSS STAT WCHAN                    COMMAND
    1     1   2  0.4  0.0  1816 Ss   do_wait                  agent-leak-app-
   13    13   3  0.2  1.7 145188 SNl futex_wait_queue         agent-leak-app-
   13   119   7  0.0  1.7 145188 SNl do_select                agent-leak-app-
   13   120   3  0.3  1.7 145188 SNl do_select                agent-leak-app-
  523   523   0  0.0  0.0  3440 Rs   -                        ps
  PID   LWP PSR %CPU %MEM   RSS STAT WCHAN                    COMMAND
    1     1   2  0.4  0.0  1816 Ss   do_wait                  agent-leak-app-
   13    13   3  0.2  1.7 145188 SNl futex_wait_queue         agent-leak-app-
   13   119   7  0.0  1.7 145188 SNl do_select                agent-leak-app-
   13   120   3  0.2  1.7 145188 SNl do_select                agent-leak-app-
  560   560   3  0.0  0.0  3444 Rs   -                        ps
  PID   LWP PSR %CPU %MEM   RSS STAT WCHAN                    COMMAND
    1     1   2  0.3  0.0  1816 Ss   do_wait                  agent-leak-app-
   13    13   3  0.2  1.7 145188 SNl futex_wait_queue         agent-leak-app-
   13   119   7  0.0  1.7 145188 SNl do_select                agent-leak-app-
   13   120   3  0.2  1.7 145188 SNl do_select                agent-leak-app-
  596   596   2  0.0  0.0  3432 Rs   -                        ps
  PID   LWP PSR %CPU %MEM   RSS STAT WCHAN                    COMMAND
    1     1   2  0.3  0.0  1816 Ss   do_wait                  agent-leak-app-
   13    13   3  0.2  2.1 170792 SNl futex_wait_queue         agent-leak-app-
   13   119   6  0.1  2.1 170792 SNl do_select                agent-leak-app-
   13   120   3  0.2  2.1 170792 SNl do_select                agent-leak-app-
  633   633   5  0.0  0.0  3440 Rs   -                        ps
  PID   LWP PSR %CPU %MEM   RSS STAT WCHAN                    COMMAND
    1     1   2  0.3  0.0  1816 Ss   do_wait                  agent-leak-app-
   13    13   3  0.1  2.1 170792 SNl futex_wait_queue         agent-leak-app-
   13   119   6  0.1  2.1 170792 SNl do_select                agent-leak-app-
   13   120   3  0.2  2.1 170792 SNl do_select                agent-leak-app-
  670   670   4  0.0  0.0  3440 Rs   -                        ps
  PID   LWP PSR %CPU %MEM   RSS STAT WCHAN                    COMMAND
    1     1   2  0.3  0.0  1816 Ss   do_wait                  agent-leak-app-
   13    13   3  0.1  2.4 196396 SNl futex_wait_queue         agent-leak-app-
   13   119   0  0.1  2.4 196396 SNl do_select                agent-leak-app-
   13   120   3  0.2  2.4 196396 SNl do_select                agent-leak-app-
  707   707   6 33.3  0.0  3444 Rs   -                        ps
  PID   LWP PSR %CPU %MEM   RSS STAT WCHAN                    COMMAND
    1     1   2  0.3  0.0  1816 Ss   do_wait                  agent-leak-app-
   13    13   3  0.1  2.4 196396 SNl futex_wait_queue         agent-leak-app-
   13   119   0  0.1  2.4 196396 SNl do_select                agent-leak-app-
   13   120   3  0.3  2.4 196396 SNl do_select                agent-leak-app-
  744   744   4  0.0  0.0  3444 Rs   -                        ps
  PID   LWP PSR %CPU %MEM   RSS STAT WCHAN                    COMMAND
    1     1   2  0.2  0.0  1816 Ss   do_wait                  agent-leak-app-
   13    13   3  0.1  2.4 196396 SNl futex_wait_queue         agent-leak-app-
   13   119   0  0.1  2.4 196396 SNl do_select                agent-leak-app-
   13   120   5  0.2  2.4 196396 SNl do_select                agent-leak-app-
  781   781   4  0.0  0.0  3440 Rs   -                        ps
  PID   LWP PSR %CPU %MEM   RSS STAT WCHAN                    COMMAND
    1     1   2  0.2  0.0  1816 Ss   do_wait                  agent-leak-app-
   13    13   3  0.1  2.7 222000 SNl futex_wait_queue         agent-leak-app-
   13   119   0  0.1  2.7 222000 SNl do_select                agent-leak-app-
   13   120   3  0.2  2.7 222000 SNl do_select                agent-leak-app-
  818   818   2  0.0  0.0  3432 Rs   -                        ps
  PID   LWP PSR %CPU %MEM   RSS STAT WCHAN                    COMMAND
    1     1   2  0.2  0.0  1816 Ss   do_wait                  agent-leak-app-
   13    13   3  0.1  2.7 222000 SNl futex_wait_queue         agent-leak-app-
   13   119   0  0.1  2.7 222000 SNl do_select                agent-leak-app-
   13   120   3  0.2  2.7 222000 SNl do_select                agent-leak-app-
  854   854   3 33.3  0.0  3444 Rs   -                        ps
  PID   LWP PSR %CPU %MEM   RSS STAT WCHAN                    COMMAND
    1     1   2  0.2  0.0  1816 Ss   do_wait                  agent-leak-app-
   13    13   3  0.1  3.0 247604 SNl futex_wait_queue         agent-leak-app-
   13   119   0  0.1  3.0 247604 SNl do_select                agent-leak-app-
   13   120   3  0.2  3.0 247604 SNl do_select                agent-leak-app-
  891   891   5  0.0  0.0  3440 Rs   -                        ps
  PID   LWP PSR %CPU %MEM   RSS STAT WCHAN                    COMMAND
    1     1   2  0.2  0.0  1816 Ss   do_wait                  agent-leak-app-
   13    13   3  0.1  3.0 247604 SNl futex_wait_queue         agent-leak-app-
   13   119   0  0.1  3.0 247604 SNl do_select                agent-leak-app-
   13   120   3  0.2  3.0 247604 SNl do_select                agent-leak-app-
  927   927   6  0.0  0.0  3436 Rs   -                        ps
