[2026-09-25 16:31:40] PROCESS:agent-leak-app-arm64 PID:13 CPU:66.6% RSS:15.4MiB STATE:R THREADS:1 PORT:NOT_LISTENING DISK_USED:1%
[WARNING] Process CPU threshold exceeded (66.6% > 20%)
[WARNING] Process RSS threshold exceeded (15.4MiB > 10MiB)
[WARNING] Port 15034 is not listening
[2026-09-25 16:31:41] PROCESS:agent-leak-app-arm64 PID:13 CPU:2.3% RSS:16.6MiB STATE:SN THREADS:1 PORT:LISTENING DISK_USED:1%
[WARNING] Process RSS threshold exceeded (16.6MiB > 10MiB)
[2026-09-25 16:31:43] PROCESS:agent-leak-app-arm64 PID:13 CPU:1.2% RSS:16.6MiB STATE:SN THREADS:1 PORT:LISTENING DISK_USED:1%
[WARNING] Process RSS threshold exceeded (16.6MiB > 10MiB)
[2026-09-25 16:31:44] PROCESS:agent-leak-app-arm64 PID:13 CPU:0.8% RSS:16.6MiB STATE:SN THREADS:1 PORT:LISTENING DISK_USED:1%
[WARNING] Process RSS threshold exceeded (16.6MiB > 10MiB)
[2026-09-25 16:31:45] PROCESS:agent-leak-app-arm64 PID:13 CPU:0.6% RSS:16.6MiB STATE:SN THREADS:1 PORT:LISTENING DISK_USED:1%
[WARNING] Process RSS threshold exceeded (16.6MiB > 10MiB)
[2026-09-25 16:31:46] PROCESS:agent-leak-app-arm64 PID:13 CPU:0.4% RSS:16.6MiB STATE:SN THREADS:1 PORT:LISTENING DISK_USED:1%
[WARNING] Process RSS threshold exceeded (16.6MiB > 10MiB)
[2026-09-25 16:31:47] PROCESS:agent-leak-app-arm64 PID:13 CPU:0.5% RSS:16.6MiB STATE:SNl THREADS:3 PORT:LISTENING DISK_USED:1%
[WARNING] Process RSS threshold exceeded (16.6MiB > 10MiB)
[2026-09-25 16:31:49] PROCESS:agent-leak-app-arm64 PID:13 CPU:0.4% RSS:16.6MiB STATE:SNl THREADS:3 PORT:LISTENING DISK_USED:1%
[WARNING] Process RSS threshold exceeded (16.6MiB > 10MiB)
[2026-09-25 16:31:50] PROCESS:agent-leak-app-arm64 PID:13 CPU:0.4% RSS:16.6MiB STATE:SNl THREADS:3 PORT:LISTENING DISK_USED:1%
[WARNING] Process RSS threshold exceeded (16.6MiB > 10MiB)
[2026-09-25 16:31:51] PROCESS:agent-leak-app-arm64 PID:13 CPU:0.3% RSS:16.6MiB STATE:SNl THREADS:3 PORT:LISTENING DISK_USED:1%
[WARNING] Process RSS threshold exceeded (16.6MiB > 10MiB)
[2026-09-25 16:31:52] PROCESS:agent-leak-app-arm64 PID:13 CPU:0.3% RSS:16.6MiB STATE:SNl THREADS:3 PORT:LISTENING DISK_USED:1%
[WARNING] Process RSS threshold exceeded (16.6MiB > 10MiB)
[2026-09-25 16:31:53] PROCESS:agent-leak-app-arm64 PID:13 CPU:0.2% RSS:16.6MiB STATE:SNl THREADS:3 PORT:LISTENING DISK_USED:1%
[WARNING] Process RSS threshold exceeded (16.6MiB > 10MiB)
[2026-09-25 16:31:55] PROCESS:agent-leak-app-arm64 PID:13 CPU:0.2% RSS:16.6MiB STATE:SNl THREADS:3 PORT:LISTENING DISK_USED:1%
[WARNING] Process RSS threshold exceeded (16.6MiB > 10MiB)
[2026-09-25 16:31:56] PROCESS:agent-leak-app-arm64 PID:13 CPU:0.2% RSS:16.6MiB STATE:SNl THREADS:3 PORT:LISTENING DISK_USED:1%
[WARNING] Process RSS threshold exceeded (16.6MiB > 10MiB)
[2026-09-25 16:31:57] PROCESS:agent-leak-app-arm64 PID:13 CPU:0.2% RSS:16.6MiB STATE:SNl THREADS:3 PORT:LISTENING DISK_USED:1%
[WARNING] Process RSS threshold exceeded (16.6MiB > 10MiB)
[2026-09-25 16:31:58] PROCESS:agent-leak-app-arm64 PID:13 CPU:0.2% RSS:16.6MiB STATE:SNl THREADS:3 PORT:LISTENING DISK_USED:1%
[WARNING] Process RSS threshold exceeded (16.6MiB > 10MiB)
[2026-09-25 16:31:59] PROCESS:agent-leak-app-arm64 PID:13 CPU:0.2% RSS:16.6MiB STATE:SNl THREADS:3 PORT:LISTENING DISK_USED:1%
[WARNING] Process RSS threshold exceeded (16.6MiB > 10MiB)
[2026-09-25 16:32:01] PROCESS:agent-leak-app-arm64 PID:13 CPU:0.1% RSS:16.6MiB STATE:SNl THREADS:3 PORT:LISTENING DISK_USED:1%
[WARNING] Process RSS threshold exceeded (16.6MiB > 10MiB)
[2026-09-25 16:32:02] PROCESS:agent-leak-app-arm64 PID:13 CPU:0.1% RSS:16.6MiB STATE:SNl THREADS:3 PORT:LISTENING DISK_USED:1%
[WARNING] Process RSS threshold exceeded (16.6MiB > 10MiB)
[2026-09-25 16:32:03] PROCESS:agent-leak-app-arm64 PID:13 CPU:0.1% RSS:16.6MiB STATE:SNl THREADS:3 PORT:LISTENING DISK_USED:1%
[WARNING] Process RSS threshold exceeded (16.6MiB > 10MiB)
[2026-09-25 16:32:04] PROCESS:agent-leak-app-arm64 PID:13 CPU:0.1% RSS:16.6MiB STATE:SNl THREADS:3 PORT:LISTENING DISK_USED:1%
[WARNING] Process RSS threshold exceeded (16.6MiB > 10MiB)
[2026-09-25 16:32:06] PROCESS:agent-leak-app-arm64 PID:13 CPU:0.1% RSS:16.6MiB STATE:SNl THREADS:3 PORT:LISTENING DISK_USED:1%
[WARNING] Process RSS threshold exceeded (16.6MiB > 10MiB)
[2026-09-25 16:32:07] PROCESS:agent-leak-app-arm64 PID:13 CPU:0.1% RSS:16.6MiB STATE:SNl THREADS:3 PORT:LISTENING DISK_USED:1%
[WARNING] Process RSS threshold exceeded (16.6MiB > 10MiB)
[2026-09-25 16:32:08] PROCESS:agent-leak-app-arm64 PID:13 CPU:0.1% RSS:16.6MiB STATE:SNl THREADS:3 PORT:LISTENING DISK_USED:1%
[WARNING] Process RSS threshold exceeded (16.6MiB > 10MiB)
[2026-09-25 16:32:09] PROCESS:agent-leak-app-arm64 PID:13 CPU:0.1% RSS:16.6MiB STATE:SNl THREADS:3 PORT:LISTENING DISK_USED:1%
[WARNING] Process RSS threshold exceeded (16.6MiB > 10MiB)
