  PID   LWP PSR %CPU %MEM   RSS STAT WCHAN                    COMMAND
    1     1   0 33.3  0.0  1808 Ss   do_wait                  agent-leak-app-
   13    13   3 27.2  0.2 16952 SN   do_select                agent-leak-app-
   39    39   3  0.0  0.0  3440 Rs   -                        ps
  PID   LWP PSR %CPU %MEM   RSS STAT WCHAN                    COMMAND
    1     1   0  4.8  0.0  1808 Ss   do_wait                  agent-leak-app-
   13    13   3  2.2  0.2 16952 SN   do_select                agent-leak-app-
   76    76   6  0.0  0.0  3444 Rs   -                        ps
  PID   LWP PSR %CPU %MEM   RSS STAT WCHAN                    COMMAND
    1     1   0  2.6  0.0  1808 Ss   do_wait                  agent-leak-app-
   13    13   3  1.1  0.2 16952 SN   do_select                agent-leak-app-
  113   113   7  0.0  0.0  3440 Rs   -                        ps
  PID   LWP PSR %CPU %MEM   RSS STAT WCHAN                    COMMAND
    1     1   0  1.8  0.0  1808 Ss   do_wait                  agent-leak-app-
   13    13   3  0.7  0.2 16952 SN   do_select                agent-leak-app-
  150   150   4  0.0  0.0  3436 Rs   -                        ps
  PID   LWP PSR %CPU %MEM   RSS STAT WCHAN                    COMMAND
    1     1   0  1.3  0.0  1808 Ss   do_wait                  agent-leak-app-
   13    13   3  0.6  0.2 16952 SN   do_select                agent-leak-app-
  187   187   2  0.0  0.0  3440 Rs   -                        ps
  PID   LWP PSR %CPU %MEM   RSS STAT WCHAN                    COMMAND
    1     1   0  1.1  0.0  1808 Ss   do_wait                  agent-leak-app-
   13    13   3  0.4  0.2 16952 SN   do_select                agent-leak-app-
  224   224   2  0.0  0.0  3444 Rs   -                        ps
  PID   LWP PSR %CPU %MEM   RSS STAT WCHAN                    COMMAND
    1     1   0  0.9  0.0  1808 Ss   do_wait                  agent-leak-app-
   13    13   3  0.4  0.2 17020 SNl  futex_wait_queue         agent-leak-app-
   13   230   1  0.0  0.2 17020 SNl  do_select                agent-leak-app-
   13   231   6  0.0  0.2 17020 SNl  do_select                agent-leak-app-
  263   263   7  0.0  0.0  3440 Rs   -                        ps
  PID   LWP PSR %CPU %MEM   RSS STAT WCHAN                    COMMAND
    1     1   0  0.8  0.0  1808 Ss   do_wait                  agent-leak-app-
   13    13   3  0.3  0.2 17020 SNl  futex_wait_queue         agent-leak-app-
   13   230   1  0.0  0.2 17020 SNl  do_select                agent-leak-app-
   13   231   6  0.0  0.2 17020 SNl  do_select                agent-leak-app-
  301   301   6  0.0  0.0  3440 Rs   -                        ps
  PID   LWP PSR %CPU %MEM   RSS STAT WCHAN                    COMMAND
    1     1   0  0.7  0.0  1808 Ss   do_wait                  agent-leak-app-
   13    13   3  0.3  0.2 17020 SNl  futex_wait_queue         agent-leak-app-
   13   230   1  0.0  0.2 17020 SNl  futex_wait_queue         agent-leak-app-
   13   231   6  0.0  0.2 17020 SNl  futex_wait_queue         agent-leak-app-
  338   338   5  0.0  0.0  3440 Rs   -                        ps
  PID   LWP PSR %CPU %MEM   RSS STAT WCHAN                    COMMAND
    1     1   0  0.6  0.0  1808 Ss   do_wait                  agent-leak-app-
   13    13   3  0.2  0.2 17020 SNl  futex_wait_queue         agent-leak-app-
   13   230   1  0.0  0.2 17020 SNl  futex_wait_queue         agent-leak-app-
   13   231   6  0.0  0.2 17020 SNl  futex_wait_queue         agent-leak-app-
  375   375   3  0.0  0.0  3444 Rs   -                        ps
  PID   LWP PSR %CPU %MEM   RSS STAT WCHAN                    COMMAND
    1     1   0  0.5  0.0  1808 Ss   do_wait                  agent-leak-app-
   13    13   3  0.2  0.2 17020 SNl  futex_wait_queue         agent-leak-app-
   13   230   1  0.0  0.2 17020 SNl  futex_wait_queue         agent-leak-app-
   13   231   6  0.0  0.2 17020 SNl  futex_wait_queue         agent-leak-app-
  412   412   1  0.0  0.0  3432 Rs   -                        ps
  PID   LWP PSR %CPU %MEM   RSS STAT WCHAN                    COMMAND
    1     1   0  0.5  0.0  1808 Ss   do_wait                  agent-leak-app-
   13    13   3  0.2  0.2 17020 SNl  futex_wait_queue         agent-leak-app-
   13   230   1  0.0  0.2 17020 SNl  futex_wait_queue         agent-leak-app-
   13   231   6  0.0  0.2 17020 SNl  futex_wait_queue         agent-leak-app-
  449   449   6  0.0  0.0  3440 Rs   -                        ps
  PID   LWP PSR %CPU %MEM   RSS STAT WCHAN                    COMMAND
    1     1   0  0.4  0.0  1808 Ss   do_wait                  agent-leak-app-
   13    13   3  0.2  0.2 17020 SNl  futex_wait_queue         agent-leak-app-
   13   230   1  0.0  0.2 17020 SNl  futex_wait_queue         agent-leak-app-
   13   231   6  0.0  0.2 17020 SNl  futex_wait_queue         agent-leak-app-
  486   486   4  0.0  0.0  3440 Rs   -                        ps
  PID   LWP PSR %CPU %MEM   RSS STAT WCHAN                    COMMAND
    1     1   0  0.4  0.0  1808 Ss   do_wait                  agent-leak-app-
   13    13   3  0.1  0.2 17020 SNl  futex_wait_queue         agent-leak-app-
   13   230   1  0.0  0.2 17020 SNl  futex_wait_queue         agent-leak-app-
   13   231   6  0.0  0.2 17020 SNl  futex_wait_queue         agent-leak-app-
  525   525   3  0.0  0.0  3432 Rs   -                        ps
  PID   LWP PSR %CPU %MEM   RSS STAT WCHAN                    COMMAND
    1     1   0  0.4  0.0  1808 Ss   do_wait                  agent-leak-app-
   13    13   3  0.1  0.2 17020 SNl  futex_wait_queue         agent-leak-app-
   13   230   1  0.0  0.2 17020 SNl  futex_wait_queue         agent-leak-app-
   13   231   6  0.0  0.2 17020 SNl  futex_wait_queue         agent-leak-app-
  562   562   5  0.0  0.0  3440 Rs   -                        ps
  PID   LWP PSR %CPU %MEM   RSS STAT WCHAN                    COMMAND
    1     1   0  0.3  0.0  1808 Ss   do_wait                  agent-leak-app-
   13    13   3  0.1  0.2 17020 SNl  futex_wait_queue         agent-leak-app-
   13   230   1  0.0  0.2 17020 SNl  futex_wait_queue         agent-leak-app-
   13   231   6  0.0  0.2 17020 SNl  futex_wait_queue         agent-leak-app-
  599   599   5  0.0  0.0  3440 Rs   -                        ps
  PID   LWP PSR %CPU %MEM   RSS STAT WCHAN                    COMMAND
    1     1   0  0.3  0.0  1808 Ss   do_wait                  agent-leak-app-
   13    13   3  0.1  0.2 17020 SNl  futex_wait_queue         agent-leak-app-
   13   230   1  0.0  0.2 17020 SNl  futex_wait_queue         agent-leak-app-
   13   231   6  0.0  0.2 17020 SNl  futex_wait_queue         agent-leak-app-
  636   636   6  0.0  0.0  3436 Rs   -                        ps
  PID   LWP PSR %CPU %MEM   RSS STAT WCHAN                    COMMAND
    1     1   0  0.3  0.0  1808 Ss   do_wait                  agent-leak-app-
   13    13   3  0.1  0.2 17020 SNl  futex_wait_queue         agent-leak-app-
   13   230   1  0.0  0.2 17020 SNl  futex_wait_queue         agent-leak-app-
   13   231   6  0.0  0.2 17020 SNl  futex_wait_queue         agent-leak-app-
  673   673   2  0.0  0.0  3440 Rs   -                        ps
  PID   LWP PSR %CPU %MEM   RSS STAT WCHAN                    COMMAND
    1     1   0  0.3  0.0  1808 Ss   do_wait                  agent-leak-app-
   13    13   3  0.1  0.2 17020 SNl  futex_wait_queue         agent-leak-app-
   13   230   1  0.0  0.2 17020 SNl  futex_wait_queue         agent-leak-app-
   13   231   6  0.0  0.2 17020 SNl  futex_wait_queue         agent-leak-app-
  710   710   7  0.0  0.0  3444 Rs   -                        ps
  PID   LWP PSR %CPU %MEM   RSS STAT WCHAN                    COMMAND
    1     1   0  0.3  0.0  1808 Ss   do_wait                  agent-leak-app-
   13    13   3  0.1  0.2 17020 SNl  futex_wait_queue         agent-leak-app-
   13   230   1  0.0  0.2 17020 SNl  futex_wait_queue         agent-leak-app-
   13   231   6  0.0  0.2 17020 SNl  futex_wait_queue         agent-leak-app-
  747   747   4  0.0  0.0  3440 Rs   -                        ps
  PID   LWP PSR %CPU %MEM   RSS STAT WCHAN                    COMMAND
    1     1   0  0.2  0.0  1808 Ss   do_wait                  agent-leak-app-
   13    13   3  0.1  0.2 17020 SNl  futex_wait_queue         agent-leak-app-
   13   230   1  0.0  0.2 17020 SNl  futex_wait_queue         agent-leak-app-
   13   231   6  0.0  0.2 17020 SNl  futex_wait_queue         agent-leak-app-
  784   784   2  0.0  0.0  3440 Rs   -                        ps
  PID   LWP PSR %CPU %MEM   RSS STAT WCHAN                    COMMAND
    1     1   0  0.2  0.0  1808 Ss   do_wait                  agent-leak-app-
   13    13   3  0.1  0.2 17020 SNl  futex_wait_queue         agent-leak-app-
   13   230   1  0.0  0.2 17020 SNl  futex_wait_queue         agent-leak-app-
   13   231   6  0.0  0.2 17020 SNl  futex_wait_queue         agent-leak-app-
  821   821   0  0.0  0.0  3440 Rs   -                        ps
  PID   LWP PSR %CPU %MEM   RSS STAT WCHAN                    COMMAND
    1     1   0  0.2  0.0  1808 Ss   do_wait                  agent-leak-app-
   13    13   3  0.1  0.2 17020 SNl  futex_wait_queue         agent-leak-app-
   13   230   1  0.0  0.2 17020 SNl  futex_wait_queue         agent-leak-app-
   13   231   6  0.0  0.2 17020 SNl  futex_wait_queue         agent-leak-app-
  859   859   7  0.0  0.0  3444 Rs   -                        ps
  PID   LWP PSR %CPU %MEM   RSS STAT WCHAN                    COMMAND
    1     1   0  0.2  0.0  1808 Ss   do_wait                  agent-leak-app-
   13    13   3  0.1  0.2 17020 SNl  futex_wait_queue         agent-leak-app-
   13   230   1  0.0  0.2 17020 SNl  futex_wait_queue         agent-leak-app-
   13   231   6  0.0  0.2 17020 SNl  futex_wait_queue         agent-leak-app-
  896   896   3  0.0  0.0  3444 Rs   -                        ps
  PID   LWP PSR %CPU %MEM   RSS STAT WCHAN                    COMMAND
    1     1   0  0.2  0.0  1808 Ss   do_wait                  agent-leak-app-
   13    13   3  0.1  0.2 17020 SNl  futex_wait_queue         agent-leak-app-
   13   230   1  0.0  0.2 17020 SNl  futex_wait_queue         agent-leak-app-
   13   231   6  0.0  0.2 17020 SNl  futex_wait_queue         agent-leak-app-
  933   933   7  0.0  0.0  3444 Rs   -                        ps
