[2026-09-25 16:30:37] PROCESS:agent-leak-app-arm64 PID:14 CPU:50.0% RSS:9.4MiB STATE:R THREADS:1 PORT:NOT_LISTENING DISK_USED:1%
[WARNING] Process CPU threshold exceeded (50.0% > 20%)
[WARNING] Port 15034 is not listening
[2026-09-25 16:30:39] PROCESS:agent-leak-app-arm64 PID:14 CPU:5.3% RSS:16.6MiB STATE:SN THREADS:1 PORT:LISTENING DISK_USED:1%
[WARNING] Process RSS threshold exceeded (16.6MiB > 10MiB)
[2026-09-25 16:30:40] PROCESS:agent-leak-app-arm64 PID:14 CPU:2.8% RSS:41.6MiB STATE:SN THREADS:1 PORT:LISTENING DISK_USED:1%
[WARNING] Process RSS threshold exceeded (41.6MiB > 10MiB)
[2026-09-25 16:30:41] PROCESS:agent-leak-app-arm64 PID:14 CPU:1.9% RSS:41.6MiB STATE:SN THREADS:1 PORT:LISTENING DISK_USED:1%
[WARNING] Process RSS threshold exceeded (41.6MiB > 10MiB)
[2026-09-25 16:30:42] PROCESS:agent-leak-app-arm64 PID:14 CPU:1.4% RSS:41.6MiB STATE:SN THREADS:1 PORT:LISTENING DISK_USED:1%
[WARNING] Process RSS threshold exceeded (41.6MiB > 10MiB)
[2026-09-25 16:30:43] PROCESS:agent-leak-app-arm64 PID:14 CPU:1.5% RSS:66.6MiB STATE:SN THREADS:1 PORT:LISTENING DISK_USED:1%
[WARNING] Process RSS threshold exceeded (66.6MiB > 10MiB)
[2026-09-25 16:30:44] PROCESS:agent-leak-app-arm64 PID:14 CPU:1.2% RSS:66.6MiB STATE:SN THREADS:1 PORT:LISTENING DISK_USED:1%
[WARNING] Process RSS threshold exceeded (66.6MiB > 10MiB)
[2026-09-25 16:30:46] PROCESS:agent-leak-app-arm64 PID:14 CPU:1.0% RSS:91.6MiB STATE:SN THREADS:1 PORT:LISTENING DISK_USED:1%
[WARNING] Process RSS threshold exceeded (91.6MiB > 10MiB)
[2026-09-25 16:30:47] PROCESS:agent-leak-app-arm64 PID:14 CPU:0.9% RSS:91.6MiB STATE:SN THREADS:1 PORT:LISTENING DISK_USED:1%
[WARNING] Process RSS threshold exceeded (91.6MiB > 10MiB)
[2026-09-25 16:30:48] PROCESS:agent-leak-app-arm64 PID:14 CPU:0.8% RSS:91.6MiB STATE:SN THREADS:1 PORT:LISTENING DISK_USED:1%
[WARNING] Process RSS threshold exceeded (91.6MiB > 10MiB)
