  PID   LWP PSR %CPU %MEM   RSS STAT WCHAN                    COMMAND
    1     1   0 26.4  0.0  1816 Ss   do_wait                  agent-leak-app-
   14    14   6 35.0  0.2 16952 SN   do_select                agent-leak-app-
   40    40   4 25.0  0.0  3440 Rs   -                        ps
  PID   LWP PSR %CPU %MEM   RSS STAT WCHAN                    COMMAND
    1     1   0  5.9  0.0  1816 Ss   do_wait                  agent-leak-app-
   14    14   6  5.1  0.2 16952 SN   do_select                agent-leak-app-
   77    77   3  0.0  0.0  3440 Rs   -                        ps
  PID   LWP PSR %CPU %MEM   RSS STAT WCHAN                    COMMAND
    1     1   0  3.3  0.0  1816 Ss   do_wait                  agent-leak-app-
   14    14   6  2.7  0.5 42556 SN   do_select                agent-leak-app-
  114   114   3  0.0  0.0  3432 Rs   -                        ps
  PID   LWP PSR %CPU %MEM   RSS STAT WCHAN                    COMMAND
    1     1   0  2.3  0.0  1816 Ss   do_wait                  agent-leak-app-
   14    14   6  1.8  0.5 42556 SN   do_select                agent-leak-app-
  150   150   4  0.0  0.0  3436 Rs   -                        ps
  PID   LWP PSR %CPU %MEM   RSS STAT WCHAN                    COMMAND
    1     1   0  1.7  0.0  1816 Ss   do_wait                  agent-leak-app-
   14    14   6  1.4  0.5 42556 SN   do_select                agent-leak-app-
  187   187   6  0.0  0.0  3424 Rs   -                        ps
  PID   LWP PSR %CPU %MEM   RSS STAT WCHAN                    COMMAND
    1     1   0  1.4  0.0  1816 Ss   do_wait                  agent-leak-app-
   14    14   6  1.4  0.8 68160 SN   do_select                agent-leak-app-
  224   224   3  0.0  0.0  3416 Rs   -                        ps
  PID   LWP PSR %CPU %MEM   RSS STAT WCHAN                    COMMAND
    1     1   0  1.2  0.0  1816 Ss   do_wait                  agent-leak-app-
   14    14   6  1.2  0.8 68160 SN   do_select                agent-leak-app-
  261   261   2  0.0  0.0  3412 Rs   -                        ps
  PID   LWP PSR %CPU %MEM   RSS STAT WCHAN                    COMMAND
    1     1   0  1.0  0.0  1816 Ss   do_wait                  agent-leak-app-
   14    14   6  1.0  1.1 93764 SN   do_select                agent-leak-app-
  298   298   0  0.0  0.0  3440 Rs   -                        ps
  PID   LWP PSR %CPU %MEM   RSS STAT WCHAN                    COMMAND
    1     1   0  0.9  0.0  1816 Ss   do_wait                  agent-leak-app-
   14    14   6  0.9  1.1 93764 SN   do_select                agent-leak-app-
  335   335   4  0.0  0.0  3440 Rs   -                        ps
  PID   LWP PSR %CPU %MEM   RSS STAT WCHAN                    COMMAND
    1     1   0  0.8  0.0  1816 Ss   do_wait                  agent-leak-app-
   14    14   6  0.8  1.1 93764 SN   do_select                agent-leak-app-
  372   372   4  0.0  0.0  3440 Rs   -                        ps
